Microchip MPLAB XC8 Compiler V1.38 ()

Linker command line:

-W-3 --edf=/opt/microchip/xc8/v1.38/dat/en_msgs.txt -cs \
  -h+dist/xc8/production/InteractiveServer_Mesh.X.production.sym \
  --cmf=dist/xc8/production/InteractiveServer_Mesh.X.production.cmf -z \
  -Q18F4620 -o/tmp/xcXx6nclS \
  -Mdist/xc8/production/InteractiveServer_Mesh.X.production.map -E1 \
  -ver=XC8 -ASTACK=07CEh-0f7fh -pstack=STACK -ACODE=00h-0FFFFh \
  -ACONST=00h-0FFFFh -ASMALLCONST=01000h-010FFhx240 \
  -AMEDIUMCONST=01000h-0FFFFh -ACOMRAM=01h-07Fh -AABS1=00h-0F7Fh \
  -ABIGRAM=01h-0F7Fh -ARAM=080h-0FFh,0100h-01FFhx14,0F00h-0F7Fh \
  -ABANK0=080h-0FFh -ABANK1=0100h-01FFh -ABANK2=0200h-02FFh \
  -ABANK3=0300h-03FFh -ABANK4=0400h-04FFh -ABANK5=0500h-05FFh \
  -ABANK6=0600h-06FFh -ABANK7=0700h-07FFh -ABANK8=0800h-08FFh \
  -ABANK9=0900h-09FFh -ABANK10=0A00h-0AFFh -ABANK11=0B00h-0BFFh \
  -ABANK12=0C00h-0CFFh -ABANK13=0D00h-0DFFh -ABANK14=0E00h-0EFFh \
  -ABANK15=0F00h-0F7Fh -ASFR=0F80h-0FFFh \
  -preset_vec=00h,intcode=08h,intcodelo,powerup,init,end_init \
  -pramtop=01000h -psmallconst=SMALLCONST -pmediumconst=MEDIUMCONST \
  -pconst=CONST -AFARRAM=00h-00h -ACONFIG=0300000h-030000Dh -pconfig=CONFIG \
  -AIDLOC=0200000h-0200007h -pidloc=IDLOC -AEEDATA=0F00000h-0F003FFh \
  -peeprom_data=EEDATA \
  -prdata=COMRAM,nvrram=COMRAM,nvbit=COMRAM,rbss=COMRAM,rbit=COMRAM \
  -pfarbss=FARRAM,fardata=FARRAM,nvFARRAM=FARRAM \
  -pintsave_regs=BIGRAM,bigbss=BIGRAM,bigdata=BIGRAM -pbss=RAM \
  -pidata=CODE,irdata=CODE,ibigdata=CODE,ifardata=CODE -prparam=COMRAM \
  /tmp/xcX7nF5L6.obj \
  dist/xc8/production/InteractiveServer_Mesh.X.production.obj 

Object code version is 3.11

Machine type is 18F4620

Call graph: (short form)




                Name                               Link     Load   Length Selector   Space Scale
/tmp/xcX7nF5L6.obj
                stack                               7CE      7CE      7B2      7CE       2
                end_init                             18       18        4        4       0
                init                                 14       14        4        4       0
                reset_vec                             0        0        4        0       0
                idloc                            200000   200000        8   200000       0
                config                           300000   300000        E   300000       0
dist/xc8/production/InteractiveServer_Mesh.X.production.obj
                intcode                               8        8        C        4       0
                temp                                 70       70        C        1       1
                mediumconst                        F5A0     F5A0      A60     7AD0       0
                intcode_body                       9C12     9C12       2C        4       0
                text156                            5B6E     5B6E      316        4       0
                text155                            4046     4046      552        4       0
                text154                            9392     9392       56        4       0
                text153                            8166     8166       BC        4       0
                text152                            8F66     8F66       6A        4       0
                text151                            933A     933A       58        4       0
                text150                            9602     9602       4A        4       0
                text149                            9FCA     9FCA       12        4       0
                text148                            9E22     9E22       20        4       0
                text147                            9E60     9E60       1E        4       0
                text146                            9A8A     9A8A       36        4       0
                text145                            9ED2     9ED2       1C        4       0
                text144                            94D8     94D8       4C        4       0
                text143                            9B26     9B26       32        4       0
                text142                            9D76     9D76       26        4       0
                text141                            A092     A092        8        4       0
                text140                            9EB6     9EB6       1C        4       0
                text139                            98F8     98F8       40        4       0
                text138                            66C0     66C0      27E        4       0
                text137                            7700     7700      11E        4       0
                text136                            9F22     9F22       18        4       0
                text135                            A08A     A08A        8        4       0
                text134                            A082     A082        8        4       0
                text133                            9FFC     9FFC       10        4       0
                text132                            9AC0     9AC0       34        4       0
                text131                            86FE     86FE       94        4       0
                text130                            9A54     9A54       36        4       0
                text129                            9BE4     9BE4       2E        4       0
                text128                            9100     9100       64        4       0
                text127                            7A06     7A06       E2        4       0
                text126                            93E8     93E8       52        4       0
                text125                            9224     9224       5E        4       0
                text124                            3AD2     3AD2      574        4       0
                text123                            9DE0     9DE0       22        4       0
                text122                            8D38     8D38       76        4       0
                text121                            9E9A     9E9A       1C        4       0
                text120                            A07A     A07A        8        4       0
                text119                            99E6     99E6       38        4       0
                text118                            98B8     98B8       40        4       0
                text117                            99AE     99AE       38        4       0
                text116                            97AE     97AE       46        4       0
                text115                            A072     A072        8        4       0
                text114                            9F7C     9F7C       16        4       0
                text113                            893E     893E       86        4       0
                text112                            8792     8792       92        4       0
                text111                            8BCA     8BCA       7C        4       0
                text110                            9878     9878       40        4       0
                text109                            7E52     7E52       D6        4       0
                text108                            9836     9836       42        4       0
                text107                            9D50     9D50       26        4       0
                text106                            5E84     5E84      312        4       0
                text105                            9C3E     9C3E       2A        4       0
                text104                            95B8     95B8       4A        4       0
                text103                            A050     A050        A        4       0
                text102                            9F66     9F66       16        4       0
                text101                            8DAE     8DAE       72        4       0
                text100                            9A1E     9A1E       36        4       0
                text99                             82DC     82DC       BA        4       0
                text98                             9768     9768       46        4       0
                text97                             2CCA     2CCA      E08        4       0
                text96                             85B2     85B2       B2        4       0
                text95                             9036     9036       66        4       0
                text94                             8222     8222       BA        4       0
                text93                             9FB8     9FB8       12        4       0
                text92                             9694     9694       48        4       0
                text91                             80AA     80AA       BC        4       0
                text90                             9FEC     9FEC       10        4       0
                text89                               1C       1C     1BEC        4       0
                text88                             7FEC     7FEC       BE        4       0
                text87                             9F08     9F08       1A        4       0
                text86                             4598     4598      49E        4       0
                text85                             9D2A     9D2A       26        4       0
                text84                             8824     8824       8E        4       0
                text83                             89C4     89C4       84        4       0
                text82                             5814     5814      35A        4       0
                text81                             8500     8500       B2        4       0
                text80                             91C6     91C6       5E        4       0
                text79                             964C     964C       48        4       0
                text78                             8CC0     8CC0       78        4       0
                text77                             74A2     74A2      134        4       0
                text76                             8ACA     8ACA       82        4       0
                text75                             9E02     9E02       20        4       0
                text74                             9E7E     9E7E       1C        4       0
                text73                             7D7A     7D7A       D8        4       0
                text72                             A046     A046        A        4       0
                text71                             6FE8     6FE8      20E        4       0
                text70                             6B88     6B88      234        4       0
                text69                             A03C     A03C        A        4       0
                text68                             92DE     92DE       5C        4       0
                text67                             9DBE     9DBE       22        4       0
                text66                             7F28     7F28       C4        4       0
                text65                             6DBC     6DBC      22C        4       0
                text64                             A06A     A06A        8        4       0
                text63                             A032     A032        A        4       0
                text62                             8396     8396       B8        4       0
                text61                             7BC6     7BC6       DC        4       0
                text60                             9C90     9C90       28        4       0
                text59                             75D6     75D6      12A        4       0
                text58                             9D04     9D04       26        4       0
                text57                             9D9C     9D9C       22        4       0
                text56                             7CA2     7CA2       D8        4       0
                text55                             9FDC     9FDC       10        4       0
                text54                             909C     909C       64        4       0
                text53                             4DBC     4DBC      37E        4       0
                text52                             A026     A026        C        4       0
                text51                             A00C     A00C        E        4       0
                text50                             8E20     8E20       70        4       0
                text49                             71F6     71F6      16A        4       0
                text48                             4A36     4A36      386        4       0
                text47                             9CDE     9CDE       26        4       0
                text46                             943A     943A       50        4       0
                text45                             9722     9722       46        4       0
                text44                             A01A     A01A        C        4       0
                text43                             8B4C     8B4C       7E        4       0
                text42                             9C68     9C68       28        4       0
                text41                             8A48     8A48       82        4       0
                text40                             8FD0     8FD0       66        4       0
                text39                             781E     781E       F6        4       0
                text38                             9BB6     9BB6       2E        4       0
                text37                             6196     6196      2AC        4       0
                text36                             9B88     9B88       2E        4       0
                text35                             9E42     9E42       1E        4       0
                text34                             A0A8     A0A8        2     5051       0
                text33                             1C08     1C08     10C2        4       0
                text32                             97F4     97F4       42        4       0
                text31                             7360     7360      142        4       0
                text30                             9164     9164       62        4       0
                text29                             513A     513A      37A        4       0
                text28                             956E     956E       4A        4       0
                text27                             693E     693E      24A        4       0
                text26                             9524     9524       4A        4       0
                text25                             9FA6     9FA6       12        4       0
                text24                             9F50     9F50       16        4       0
                text23                             A062     A062        8        4       0
                text22                             9974     9974       3A        4       0
                text21                             8E90     8E90       6C        4       0
                text20                             54B4     54B4      360        4       0
                text19                             9CB8     9CB8       26        4       0
                text18                             9B58     9B58       30        4       0
                text17                             948A     948A       4E        4       0
                text16                             96DC     96DC       46        4       0
                text15                             A0A6     A0A6        2     5051       0
                text14                             7914     7914       F2        4       0
                text13                             A0A4     A0A4        2     5051       0
                text12                             A05A     A05A        8        4       0
                text11                             8EFC     8EFC       6A        4       0
                text10                             9F3A     9F3A       16        4       0
                text9                              9EEE     9EEE       1A        4       0
                text8                              6442     6442      27E        4       0
                text7                              7AE8     7AE8       DE        4       0
                text6                              88B2     88B2       8C        4       0
                text5                              A0A2     A0A2        2     5051       0
                text4                              9282     9282       5C        4       0
                text3                              9938     9938       3C        4       0
                text2                              8C46     8C46       7A        4       0
                text1                              844E     844E       B2        4       0
                text0                              9AF4     9AF4       32        4       0
                cstackCOMRAM                          1        1       6F        1       1
                cstackBANK0                          80       80       6E       80       1
                cstackBANK1                         18C      18C       6D      100       1
                cstackBANK2                         2F6      2F6        6      200       1
                bssBIGRAM                           4EA      4EA      2E4      4EA       1
                bssBANK4                            400      400       EA      400       1
                bssBANK3                            300      300       BC      300       1
                dataBANK2                           2E2      2E2       14      200       1
                bssBANK2                            200      200       E2      200       1
                dataBANK1                           1F9      1F9        7      100       1
                bssBANK1                            100      100       8C      100       1
                bssBANK0                             EE       EE        F       80       1
                bssCOMRAM                            7C       7C        2        1       1
                cinit                              8664     8664       9A        4       0
                idataBANK2                         9F92     9F92       14        4       0
                idataBANK1                         A09A     A09A        7        4       0

TOTAL           Name                               Link     Load   Length     Space
        CLASS   STACK          
                stack                               7CE      7CE      7B2         2

        CLASS   CODE           
                end_init                             18       18        4         0
                init                                 14       14        4         0
                intcode                               8        8        C         0
                reset_vec                             0        0        4         0
                intcode_body                       9C12     9C12       2C         0
                text156                            5B6E     5B6E      316         0
                text155                            4046     4046      552         0
                text154                            9392     9392       56         0
                text153                            8166     8166       BC         0
                text152                            8F66     8F66       6A         0
                text151                            933A     933A       58         0
                text150                            9602     9602       4A         0
                text149                            9FCA     9FCA       12         0
                text148                            9E22     9E22       20         0
                text147                            9E60     9E60       1E         0
                text146                            9A8A     9A8A       36         0
                text145                            9ED2     9ED2       1C         0
                text144                            94D8     94D8       4C         0
                text143                            9B26     9B26       32         0
                text142                            9D76     9D76       26         0
                text141                            A092     A092        8         0
                text140                            9EB6     9EB6       1C         0
                text139                            98F8     98F8       40         0
                text138                            66C0     66C0      27E         0
                text137                            7700     7700      11E         0
                text136                            9F22     9F22       18         0
                text135                            A08A     A08A        8         0
                text134                            A082     A082        8         0
                text133                            9FFC     9FFC       10         0
                text132                            9AC0     9AC0       34         0
                text131                            86FE     86FE       94         0
                text130                            9A54     9A54       36         0
                text129                            9BE4     9BE4       2E         0
                text128                            9100     9100       64         0
                text127                            7A06     7A06       E2         0
                text126                            93E8     93E8       52         0
                text125                            9224     9224       5E         0
                text124                            3AD2     3AD2      574         0
                text123                            9DE0     9DE0       22         0
                text122                            8D38     8D38       76         0
                text121                            9E9A     9E9A       1C         0
                text120                            A07A     A07A        8         0
                text119                            99E6     99E6       38         0
                text118                            98B8     98B8       40         0
                text117                            99AE     99AE       38         0
                text116                            97AE     97AE       46         0
                text115                            A072     A072        8         0
                text114                            9F7C     9F7C       16         0
                text113                            893E     893E       86         0
                text112                            8792     8792       92         0
                text111                            8BCA     8BCA       7C         0
                text110                            9878     9878       40         0
                text109                            7E52     7E52       D6         0
                text108                            9836     9836       42         0
                text107                            9D50     9D50       26         0
                text106                            5E84     5E84      312         0
                text105                            9C3E     9C3E       2A         0
                text104                            95B8     95B8       4A         0
                text103                            A050     A050        A         0
                text102                            9F66     9F66       16         0
                text101                            8DAE     8DAE       72         0
                text100                            9A1E     9A1E       36         0
                text99                             82DC     82DC       BA         0
                text98                             9768     9768       46         0
                text97                             2CCA     2CCA      E08         0
                text96                             85B2     85B2       B2         0
                text95                             9036     9036       66         0
                text94                             8222     8222       BA         0
                text93                             9FB8     9FB8       12         0
                text92                             9694     9694       48         0
                text91                             80AA     80AA       BC         0
                text90                             9FEC     9FEC       10         0
                text89                               1C       1C     1BEC         0
                text88                             7FEC     7FEC       BE         0
                text87                             9F08     9F08       1A         0
                text86                             4598     4598      49E         0
                text85                             9D2A     9D2A       26         0
                text84                             8824     8824       8E         0
                text83                             89C4     89C4       84         0
                text82                             5814     5814      35A         0
                text81                             8500     8500       B2         0
                text80                             91C6     91C6       5E         0
                text79                             964C     964C       48         0
                text78                             8CC0     8CC0       78         0
                text77                             74A2     74A2      134         0
                text76                             8ACA     8ACA       82         0
                text75                             9E02     9E02       20         0
                text74                             9E7E     9E7E       1C         0
                text73                             7D7A     7D7A       D8         0
                text72                             A046     A046        A         0
                text71                             6FE8     6FE8      20E         0
                text70                             6B88     6B88      234         0
                text69                             A03C     A03C        A         0
                text68                             92DE     92DE       5C         0
                text67                             9DBE     9DBE       22         0
                text66                             7F28     7F28       C4         0
                text65                             6DBC     6DBC      22C         0
                text64                             A06A     A06A        8         0
                text63                             A032     A032        A         0
                text62                             8396     8396       B8         0
                text61                             7BC6     7BC6       DC         0
                text60                             9C90     9C90       28         0
                text59                             75D6     75D6      12A         0
                text58                             9D04     9D04       26         0
                text57                             9D9C     9D9C       22         0
                text56                             7CA2     7CA2       D8         0
                text55                             9FDC     9FDC       10         0
                text54                             909C     909C       64         0
                text53                             4DBC     4DBC      37E         0
                text52                             A026     A026        C         0
                text51                             A00C     A00C        E         0
                text50                             8E20     8E20       70         0
                text49                             71F6     71F6      16A         0
                text48                             4A36     4A36      386         0
                text47                             9CDE     9CDE       26         0
                text46                             943A     943A       50         0
                text45                             9722     9722       46         0
                text44                             A01A     A01A        C         0
                text43                             8B4C     8B4C       7E         0
                text42                             9C68     9C68       28         0
                text41                             8A48     8A48       82         0
                text40                             8FD0     8FD0       66         0
                text39                             781E     781E       F6         0
                text38                             9BB6     9BB6       2E         0
                text37                             6196     6196      2AC         0
                text36                             9B88     9B88       2E         0
                text35                             9E42     9E42       1E         0
                text34                             A0A8     A0A8        2         0
                text33                             1C08     1C08     10C2         0
                text32                             97F4     97F4       42         0
                text31                             7360     7360      142         0
                text30                             9164     9164       62         0
                text29                             513A     513A      37A         0
                text28                             956E     956E       4A         0
                text27                             693E     693E      24A         0
                text26                             9524     9524       4A         0
                text25                             9FA6     9FA6       12         0
                text24                             9F50     9F50       16         0
                text23                             A062     A062        8         0
                text22                             9974     9974       3A         0
                text21                             8E90     8E90       6C         0
                text20                             54B4     54B4      360         0
                text19                             9CB8     9CB8       26         0
                text18                             9B58     9B58       30         0
                text17                             948A     948A       4E         0
                text16                             96DC     96DC       46         0
                text15                             A0A6     A0A6        2         0
                text14                             7914     7914       F2         0
                text13                             A0A4     A0A4        2         0
                text12                             A05A     A05A        8         0
                text11                             8EFC     8EFC       6A         0
                text10                             9F3A     9F3A       16         0
                text9                              9EEE     9EEE       1A         0
                text8                              6442     6442      27E         0
                text7                              7AE8     7AE8       DE         0
                text6                              88B2     88B2       8C         0
                text5                              A0A2     A0A2        2         0
                text4                              9282     9282       5C         0
                text3                              9938     9938       3C         0
                text2                              8C46     8C46       7A         0
                text1                              844E     844E       B2         0
                text0                              9AF4     9AF4       32         0
                cinit                              8664     8664       9A         0
                idataBANK2                         9F92     9F92       14         0
                idataBANK1                         A09A     A09A        7         0

        CLASS   CONST          

        CLASS   SMALLCONST     

        CLASS   MEDIUMCONST    
                mediumconst                        F5A0     F5A0      A60         0

        CLASS   COMRAM         
                temp                                 70       70        C         1
                cstackCOMRAM                          1        1       6F         1
                bssCOMRAM                            7C       7C        2         1

        CLASS   ABS1           

        CLASS   BIGRAM         
                bssBIGRAM                           4EA      4EA      2E4         1

        CLASS   RAM            

        CLASS   BANK0          
                cstackBANK0                          80       80       6E         1
                bssBANK0                             EE       EE        F         1

        CLASS   BANK1          
                cstackBANK1                         18C      18C       6D         1
                dataBANK1                           1F9      1F9        7         1
                bssBANK1                            100      100       8C         1

        CLASS   BANK2          
                cstackBANK2                         2F6      2F6        6         1
                dataBANK2                           2E2      2E2       14         1
                bssBANK2                            200      200       E2         1

        CLASS   BANK3          
                bssBANK3                            300      300       BC         1

        CLASS   BANK4          
                bssBANK4                            400      400       EA         1

        CLASS   BANK5          

        CLASS   BANK6          

        CLASS   BANK7          

        CLASS   BANK8          

        CLASS   BANK9          

        CLASS   BANK10         

        CLASS   BANK11         

        CLASS   BANK12         

        CLASS   BANK13         

        CLASS   BANK14         

        CLASS   BANK15         

        CLASS   SFR            

        CLASS   FARRAM         

        CLASS   CONFIG         
                config                           300000   300000        E         0

        CLASS   IDLOC          
                idloc                            200000   200000        8         0

        CLASS   EEDATA         



SEGMENTS        Name                           Load    Length   Top    Selector   Space  Class

                reset_vec                      000000  000004  000004         0       0  CODE    
                cstackCOMRAM                   000001  00007D  00007E         1       1  COMRAM  
                intcode                        000008  00A099  00A0A1         4       0  CODE    
                cstackBANK0                    000080  00007D  0000FD        80       1  BANK0   
                bssBANK1                       000100  000100  000200       100       1  BANK1   
                bssBANK2                       000200  0000FC  0002FC       200       1  BANK2   
                bssBANK3                       000300  0000BC  0003BC       300       1  BANK3   
                bssBANK4                       000400  0000EA  0004EA       400       1  BANK4   
                bssBIGRAM                      0004EA  0002E4  0007CE       4EA       1  BIGRAM  
                stack                          0007CE  0007B2  000F80       7CE       2  STACK   
                text5                          00A0A2  000008  00A0AA      5051       0  CODE    
                mediumconst                    00F5A0  000A60  010000      7AD0       0  MEDIUMCO
                idloc                          200000  000008  200008    200000       0  IDLOC   
                config                         300000  00000E  30000E    300000       0  CONFIG  


UNUSED ADDRESS RANGES

        Name                Unused          Largest block    Delta
        BANK0            0000FD-0000FF                3
        BANK10           000A00-000AFF              100
        BANK11           000B00-000BFF              100
        BANK12           000C00-000CFF              100
        BANK13           000D00-000DFF              100
        BANK14           000E00-000EFF              100
        BANK15           000F00-000F7F               80
        BANK2            0002FC-0002FF                4
        BANK3            0003BC-0003FF               44
        BANK7            0007CE-0007FF               32
        BANK8            000800-0008FF              100
        BANK9            000900-0009FF              100
        BIGRAM           00007E-00007F                2
                         0000FD-0000FF                3
                         0002FC-0002FF                4
                         0003BC-0003FF               44
                         0007CE-000F7F              7B2
        CODE             000004-000007                4
                         00A0A1-00A0A1                1
                         00A0AA-00F59F             54F6
        COMRAM           00007E-00007F                2
        CONST            000004-000007                4
                         00A0A1-00A0A1                1
                         00A0AA-00F59F             54F6
        EEDATA           F00000-F003FF              400
        MEDIUMCONST      00A0A1-00A0A1                1
                         00A0AA-00F59F             54F6
        RAM              0000FD-0000FF                3
                         0002FC-0002FF                4
                         0003BC-0003FF               44
                         0007CE-000F7F              100
        SFR              000F80-000FFF               80
        SMALLCONST       00A0A1-00A0A1                1
                         00A0AA-00F59F              100

                                  Symbol Table

?_RF24EC__allocateData                                  cstackCOMRAM 000003
?_RF24EC__available                                     cstackCOMRAM 000003
?_RF24EC__write                                         cstackBANK0  000090
?_RF24EC_available                                      cstackBANK0  000090
?_RF24EC_findMulti                                      cstackCOMRAM 00002B
?_RF24EC_read                                           cstackCOMRAM 00001C
?_RF24EC_read_b                                         cstackCOMRAM 000010
?_RF24EC_timedRead                                      cstackCOMRAM 00001F
?_RF24EC_valid                                          cstackBANK0  000090
?_RF24EC_write                                          cstackBANK0  0000A2
?_RF24M_getAddress                                      cstackBANK0  0000A4
?_RF24M_getNodeID                                       cstackBANK0  000087
?_RF24M_renewAddress                                    cstackBANK0  0000C7
?_RF24N_direct_child_route_to                           cstackCOMRAM 000003
?_RF24N_getFrag_ptr                                     cstackCOMRAM 000003
?_RF24N_getFrame_buffer                                 cstackCOMRAM 000003
?_RF24N_levelToAddress                                  cstackCOMRAM 000003
?___awdiv                                               cstackCOMRAM 000003
?___awmod                                               cstackCOMRAM 000003
?___lldiv                                               cstackCOMRAM 000007
?___llmod                                               cstackCOMRAM 000014
?___lwdiv                                               cstackCOMRAM 000003
?___lwmod                                               cstackCOMRAM 000003
?___wmul                                                cstackCOMRAM 000003
?__doprnt                                               cstackCOMRAM 00001D
?_chksum                                                cstackCOMRAM 000003
?_clock_time                                            cstackCOMRAM 000007
?_htons                                                 cstackCOMRAM 000003
?_itoa_                                                 cstackCOMRAM 00002A
?_malloc                                                cstackCOMRAM 000003
?_millis                                                cstackCOMRAM 000003
?_realloc                                               cstackCOMRAM 00000C
?_sprintf                                               cstackCOMRAM 000041
?_strcmp                                                cstackCOMRAM 000003
?_strlen                                                cstackBANK0  0000A6
?_timer_expired                                         cstackCOMRAM 00000B
?_uip_ipchksum                                          cstackCOMRAM 000013
?_uip_tcpchksum                                         cstackCOMRAM 00001E
?_upper_layer_chksum                                    cstackCOMRAM 000013
RF24EC__allocateData@data                               cstackCOMRAM 000006
RF24EC__allocateData@sock                               cstackCOMRAM 000005
RF24EC__available@u                                     cstackCOMRAM 000003
RF24EC__write@buf                                       cstackBANK0  000092
RF24EC__write@payloadSize                               cstackBANK0  0000A0
RF24EC__write@remain                                    cstackBANK0  00009C
RF24EC__write@size                                      cstackBANK0  000094
RF24EC__write@total_written                             cstackBANK0  00009E
RF24EC__write@u                                         cstackBANK0  000090
RF24EC_findMulti@c                                      cstackCOMRAM 000042
RF24EC_findMulti@diff                                   cstackCOMRAM 000040
RF24EC_findMulti@i                                      cstackCOMRAM 000044
RF24EC_findMulti@origIndex                              cstackCOMRAM 00003E
RF24EC_findMulti@t                                      cstackCOMRAM 000046
RF24EC_findMulti@tCount                                 cstackCOMRAM 00002D
RF24EC_findMulti@targets                                cstackCOMRAM 00002B
RF24EC_findUntil@target                                 cstackBANK0  0000AA
RF24EC_findUntil@terminator                             cstackBANK0  0000AC
RF24EC_findUntil_f@t                                    cstackCOMRAM 00005F
RF24EC_findUntil_f@t_4271                               cstackCOMRAM 000051
RF24EC_findUntil_f@target                               cstackCOMRAM 000048
RF24EC_findUntil_f@targetLen                            cstackCOMRAM 00004A
RF24EC_findUntil_f@termLen                              cstackCOMRAM 00004F
RF24EC_findUntil_f@terminator                           cstackCOMRAM 00004C
RF24EC_init_d@conn_data                                 cstackCOMRAM 000003
RF24EC_read@c                                           cstackCOMRAM 00001E
RF24EC_read_b@buf                                       cstackCOMRAM 000010
RF24EC_read_b@size                                      cstackCOMRAM 000012
RF24EC_timedRead@c                                      cstackCOMRAM 000029
RF24EC_write@buf                                        cstackBANK0  0000A2
RF24EC_write@size                                       cstackBANK0  0000A4
RF24EC_write_s@str                                      cstackBANK0  0000AA
RF24ES_available@data                                   cstackBANK0  000090
RF24ES_init@port                                        cstackCOMRAM 000008
RF24E_begin_i@dns                                       cstackCOMRAM 000041
RF24E_begin_i@ip                                        cstackCOMRAM 00003F
RF24E_begin_id@dns                                      cstackCOMRAM 000039
RF24E_begin_id@gateway                                  cstackCOMRAM 00003B
RF24E_begin_id@ip                                       cstackCOMRAM 000037
RF24E_begin_idg@dns                                     cstackCOMRAM 00002F
RF24E_begin_idg@gateway                                 cstackCOMRAM 000031
RF24E_begin_idg@ip                                      cstackCOMRAM 00002D
RF24E_begin_idg@subnet                                  cstackCOMRAM 000033
RF24E_begin_idgs@dns                                    cstackCOMRAM 000027
RF24E_begin_idgs@gateway                                cstackCOMRAM 000029
RF24E_begin_idgs@ip                                     cstackCOMRAM 000025
RF24E_begin_idgs@subnet                                 cstackCOMRAM 00002B
RF24E_configure@dns                                     cstackCOMRAM 000013
RF24E_configure@gateway                                 cstackCOMRAM 000015
RF24E_configure@ip                                      cstackCOMRAM 000011
RF24E_configure@ipaddr                                  cstackCOMRAM 000021
RF24E_configure@subnet                                  cstackCOMRAM 000017
RF24E_gatewayIP@ret                                     bssBANK1     000180
RF24E_localIP@ret                                       bssBANK1     000184
RF24E_network_send@headerOut                            cstackBANK0  000088
RF24E_network_send@ok                                   cstackBANK0  000087
RF24E_set_gateway@gwIP                                  cstackCOMRAM 000003
RF24E_set_gateway@ipaddr                                cstackCOMRAM 00000D
RF24E_subnetMask@ret                                    bssBANK1     000188
RF24E_tick@i                                            cstackCOMRAM 00006B
RF24M_begin@channel                                     cstackCOMRAM 00006D
RF24M_begin@data_rate                                   cstackBANK0  0000D9
RF24M_begin@timeout                                     cstackBANK0  0000DA
RF24M_checkConnection@count                             cstackBANK0  0000D6
RF24M_checkConnection@header                            cstackBANK0  0000D8
RF24M_checkConnection@ok                                cstackBANK0  0000D7
RF24M_getAddress@address                                cstackBANK0  0000B7
RF24M_getAddress@header                                 cstackBANK0  0000B9
RF24M_getAddress@i                                      cstackBANK0  0000B6
RF24M_getAddress@nodeID                                 cstackBANK0  0000C1
RF24M_getAddress@timeout                                cstackBANK0  0000B2
RF24M_getAddress@timer                                  cstackBANK0  0000AE
RF24M_getNodeID@ID                                      cstackBANK0  000099
RF24M_getNodeID@address                                 cstackBANK0  000087
RF24M_getNodeID@header                                  cstackBANK0  00009C
RF24M_getNodeID@i                                       cstackBANK0  00009B
RF24M_getNodeID@timeout                                 cstackBANK0  000095
RF24M_getNodeID@timer                                   cstackBANK0  000091
RF24M_renewAddress@reqCounter                           cstackBANK0  0000D8
RF24M_renewAddress@start                                cstackBANK0  0000D3
RF24M_renewAddress@timeout                              cstackBANK0  0000C7
RF24M_renewAddress@totalReqs                            cstackBANK0  0000D7
RF24M_requestAddress@contactNode                        cstackBANK0  0000AC
RF24M_requestAddress@header                             cstackBANK0  0000BF
RF24M_requestAddress@i                                  cstackBANK0  0000BD
RF24M_requestAddress@level                              cstackBANK0  0000B4
RF24M_requestAddress@newAddress                         cstackBANK0  0000BB
RF24M_requestAddress@pollCount                          cstackBANK0  0000BE
RF24M_requestAddress@registerAddrCount                  cstackBANK0  0000B5
RF24M_requestAddress@timr                               cstackBANK0  0000B7
RF24M_requestAddress@type                               cstackBANK0  0000B6
RF24M_setAddress@address                                cstackCOMRAM 000010
RF24M_setAddress@i                                      cstackCOMRAM 000016
RF24M_setAddress@nodeID                                 cstackCOMRAM 000014
RF24M_setAddress@position                               cstackCOMRAM 000015
RF24M_setNodeID@nodeID                                  cstackCOMRAM 000003
RF24M_update@fromAddr                                   cstackBANK0  0000C8
RF24M_update@header                                     cstackBANK0  0000D3
RF24M_update@header_3834                                cstackBANK0  0000CA
RF24M_update@i                                          cstackBANK0  0000D2
RF24M_update@returnAddr                                 cstackBANK0  0000CE
RF24M_update@returnAddr_3829                            cstackBANK0  0000D0
RF24M_update@type                                       cstackBANK0  0000D5
RF24Mesh_cg@mesh                                        bssBANK1     000100
RF24NH_init@_to                                         cstackCOMRAM 000005
RF24NH_init@_type                                       cstackCOMRAM 000007
RF24NH_init@rnh                                         cstackCOMRAM 000003
RF24N__write@header                                     cstackCOMRAM 000045
RF24N__write@len                                        cstackCOMRAM 00004A
RF24N__write@message                                    cstackCOMRAM 000047
RF24N__write@sendType                                   cstackCOMRAM 000050
RF24N__write@writeDirect                                cstackCOMRAM 00004C
RF24N_begin@_node_address                               cstackCOMRAM 00002F
RF24N_begin_d@_channel                                  cstackCOMRAM 00002D
RF24N_begin_d@_node_address                             cstackCOMRAM 000025
RF24N_begin_d@addr                                      cstackCOMRAM 000027
RF24N_begin_d@i                                         cstackCOMRAM 00002E
RF24N_begin_d@retryVar                                  cstackCOMRAM 00002C
RF24N_direct_child_route_to@child_mask                  cstackCOMRAM 000009
RF24N_direct_child_route_to@node                        cstackCOMRAM 000003
RF24N_enqueue@header                                    cstackCOMRAM 00001C
RF24N_enqueue@isFragment                                cstackCOMRAM 00002C
RF24N_enqueue@message_size                              cstackCOMRAM 000031
RF24N_enqueue@padding                                   cstackCOMRAM 00002D
RF24N_enqueue@padding_3568                              cstackCOMRAM 00002E
RF24N_enqueue@result                                    cstackCOMRAM 000030
RF24N_is_descendant@node                                cstackCOMRAM 000003
RF24N_is_direct_child@child_node_mask                   cstackCOMRAM 000012
RF24N_is_direct_child@node                              cstackCOMRAM 000009
RF24N_is_direct_child@result                            cstackCOMRAM 000014
RF24N_is_valid_address@digit                            cstackCOMRAM 000007
RF24N_is_valid_address@node                             cstackCOMRAM 000003
RF24N_is_valid_address@result                           cstackCOMRAM 000008
RF24N_levelToAddress@level                              cstackCOMRAM 00000B
RF24N_levelToAddress@levelAddr                          cstackCOMRAM 00000C
RF24N_logicalToPhysicalAddress@conversionInfo           cstackCOMRAM 000015
RF24N_logicalToPhysicalAddress@directTo                 cstackCOMRAM 000025
RF24N_logicalToPhysicalAddress@multicast                cstackCOMRAM 000021
RF24N_logicalToPhysicalAddress@pre_conversion_send_node cstackCOMRAM 000023
RF24N_logicalToPhysicalAddress@pre_conversion_send_pipe cstackCOMRAM 000027
RF24N_logicalToPhysicalAddress@to_node                  cstackCOMRAM 000028
RF24N_multicast@header                                  cstackBANK0  000080
RF24N_multicast@len                                     cstackBANK0  000085
RF24N_multicast@level                                   cstackBANK0  000087
RF24N_multicast@message                                 cstackBANK0  000082
RF24N_pipe_address@F3854                                dataBANK2    0002E9
RF24N_pipe_address@address                              cstackCOMRAM 000006
RF24N_pipe_address@address_translation                  dataBANK2    0002E2
RF24N_pipe_address@count                                cstackCOMRAM 00001E
RF24N_pipe_address@dec                                  cstackCOMRAM 00001C
RF24N_pipe_address@i                                    cstackCOMRAM 000021
RF24N_pipe_address@node                                 cstackCOMRAM 000003
RF24N_pipe_address@out                                  cstackCOMRAM 00001F
RF24N_pipe_address@pipe                                 cstackCOMRAM 000005
RF24N_pipe_address@result                               cstackCOMRAM 000017
RF24N_setNetworkFlags@nf                                cstackCOMRAM 000003
RF24N_setup_address@count                               cstackCOMRAM 000009
RF24N_setup_address@i                                   cstackCOMRAM 000005
RF24N_setup_address@m                                   cstackCOMRAM 000007
RF24N_setup_address@node_mask_check                     cstackCOMRAM 00000C
RF24N_setup_address@parent_mask                         cstackCOMRAM 00000A
RF24N_write_@fragmentLen                                cstackCOMRAM 000064
RF24N_write_@fragment_id                                cstackCOMRAM 00006A
RF24N_write_@header                                     cstackCOMRAM 000051
RF24N_write_@len                                        cstackCOMRAM 000056
RF24N_write_@message                                    cstackCOMRAM 000053
RF24N_write_@msgCount                                   cstackCOMRAM 000066
RF24N_write_@offset                                     cstackCOMRAM 000067
RF24N_write_@ok                                         cstackCOMRAM 000069
RF24N_write_@retriesPerFrag                             cstackCOMRAM 000062
RF24N_write_@type                                       cstackCOMRAM 000063
RF24N_write_@writeDirect                                cstackCOMRAM 000058
RF24N_write_m@header                                    cstackBANK0  000080
RF24N_write_m@len                                       cstackBANK0  000085
RF24N_write_m@message                                   cstackBANK0  000082
RF24N_write_to_pipe@multicast                           cstackCOMRAM 000038
RF24N_write_to_pipe@node                                cstackCOMRAM 000035
RF24N_write_to_pipe@ok                                  cstackCOMRAM 000044
RF24N_write_to_pipe@out_pipe                            cstackCOMRAM 00003F
RF24N_write_to_pipe@pipe                                cstackCOMRAM 000037
RF24_available_p@pipe_num                               cstackCOMRAM 000015
RF24_available_p@status                                 cstackCOMRAM 000019
RF24_begin@setup                                        cstackCOMRAM 00001F
RF24_ce_d@level                                         cstackCOMRAM 000007
RF24_closeReadingPipe@pipe                              cstackCOMRAM 00001E
RF24_csn_d@mode                                         cstackCOMRAM 000010
RF24_getDynamicPayloadSize@result                       cstackCOMRAM 000016
RF24_init@_cepin                                        cstackCOMRAM 000004
RF24_init@_cspin                                        cstackCOMRAM 000003
RF24_openReadingPipe_d@address                          cstackCOMRAM 00001E
RF24_openReadingPipe_d@address_                         cstackCOMRAM 00001A
RF24_openReadingPipe_d@child                            cstackCOMRAM 000024
RF24_openReadingPipe_d@i                                cstackCOMRAM 000023
RF24_openWritingPipe_d@i                                cstackCOMRAM 000029
RF24_openWritingPipe_d@value                            cstackCOMRAM 000024
RF24_openWritingPipe_d@value_                           cstackCOMRAM 00001A
RF24_powerUp@cfg                                        cstackCOMRAM 00001B
RF24_read@buf                                           cstackCOMRAM 000022
RF24_read@len                                           cstackCOMRAM 000024
RF24_read_payload@blank_len                             cstackCOMRAM 00001D
RF24_read_payload@buf                                   cstackCOMRAM 000011
RF24_read_payload@current                               cstackCOMRAM 00001E
RF24_read_payload@data_len                              cstackCOMRAM 000013
RF24_read_payload@status                                cstackCOMRAM 00001C
RF24_read_register_d@reg                                cstackCOMRAM 000013
RF24_read_register_d@result                             cstackCOMRAM 000014
RF24_setAutoAck_p@en_aa                                 cstackCOMRAM 00001F
RF24_setAutoAck_p@enable                                cstackCOMRAM 00001A
RF24_setAutoAck_p@pipe                                  cstackCOMRAM 000020
RF24_setChannel@channel                                 cstackCOMRAM 00001C
RF24_setChannel@max_channel                             cstackCOMRAM 00001D
RF24_setDataRate@result                                 cstackCOMRAM 00001A
RF24_setDataRate@setup                                  cstackCOMRAM 00001C
RF24_setDataRate@speed                                  cstackCOMRAM 00001B
RF24_setRetries@count                                   cstackCOMRAM 00001A
RF24_setRetries@delay                                   cstackCOMRAM 00001D
RF24_spiTrans@cmd                                       cstackCOMRAM 000013
RF24_spiTrans@status                                    cstackCOMRAM 000014
RF24_startFastWrite@buf                                 cstackCOMRAM 000027
RF24_startFastWrite@len                                 cstackCOMRAM 000029
RF24_startFastWrite@multicast                           cstackCOMRAM 00002A
RF24_startFastWrite@startTx                             cstackCOMRAM 00002B
RF24_txStandBy_t@start                                  cstackCOMRAM 00002D
RF24_txStandBy_t@startTx                                cstackCOMRAM 000020
RF24_txStandBy_t@timeout                                cstackCOMRAM 00001C
RF24_writeFast_m@buf                                    cstackCOMRAM 000030
RF24_writeFast_m@len                                    cstackCOMRAM 000032
RF24_writeFast_m@multicast                              cstackCOMRAM 000033
RF24_write_payload@blank_len                            cstackCOMRAM 000020
RF24_write_payload@buf                                  cstackCOMRAM 000011
RF24_write_payload@current                              cstackCOMRAM 000021
RF24_write_payload@data_len                             cstackCOMRAM 000013
RF24_write_payload@status                               cstackCOMRAM 00001F
RF24_write_payload@writeType                            cstackCOMRAM 000014
RF24_write_register_c_d@buf                             cstackCOMRAM 000011
RF24_write_register_c_d@len                             cstackCOMRAM 000013
RF24_write_register_c_d@reg                             cstackCOMRAM 000017
RF24_write_register_c_d@status                          cstackCOMRAM 000016
RF24_write_register_d@reg                               cstackCOMRAM 000018
RF24_write_register_d@status                            cstackCOMRAM 000019
RF24_write_register_d@value                             cstackCOMRAM 000015
SPI_transfer@data                                       cstackCOMRAM 000004
Serial_begin@baud                                       cstackCOMRAM 000014
Serial_print@i                                          cstackCOMRAM 000034
Serial_print@val                                        cstackCOMRAM 00002E
Serial_println@val                                      cstackCOMRAM 000036
Serial_tx@val                                           cstackCOMRAM 000003
_BAUDCONbits                                            (abs)        000FB8
_INTCONbits                                             (abs)        000FF2
_LATAbits                                               (abs)        000F89
_LATBbits                                               (abs)        000F8A
_LATCbits                                               (abs)        000F8B
_LATDbits                                               (abs)        000F8C
_LATEbits                                               (abs)        000F8D
_PIR1bits                                               (abs)        000F9E
_PORTAbits                                              (abs)        000F80
_PORTBbits                                              (abs)        000F81
_PORTCbits                                              (abs)        000F82
_PORTDbits                                              (abs)        000F83
_PORTEbits                                              (abs)        000F84
_RCREG                                                  (abs)        000FAE
_RCSTAbits                                              (abs)        000FAB
_RF24EC__allocateData                                   text99       0082DC
_RF24EC__available                                      text111      008BCA
_RF24EC__write                                          text48       004A36
_RF24EC_available                                       text87       009F08
_RF24EC_findMulti                                       text82       005814
_RF24EC_findUntil                                       text79       00964C
_RF24EC_findUntil_f                                     text81       008500
_RF24EC_flush                                           text78       008CC0
_RF24EC_init                                            text75       009E02
_RF24EC_init_d                                          text74       009E7E
_RF24EC_read                                            text85       009D2A
_RF24EC_read_b                                          text86       004598
_RF24EC_stop                                            text77       0074A2
_RF24EC_timedRead                                       text84       008824
_RF24EC_valid                                           text76       008ACA
_RF24EC_valid$4127                                      cstackCOMRAM 00006F
_RF24EC_write                                           text47       009CDE
_RF24EC_write_s                                         text36       009B88
_RF24ES_available                                       text73       007D7A
_RF24ES_begin                                           text25       009FA6
_RF24ES_init                                            text24       009F50
_RF24E__dnsServerAddress                                bssBANK1     000150
_RF24E_begin_i                                          text16       0096DC
_RF24E_begin_id                                         text17       00948A
_RF24E_begin_idg                                        text18       009B58
_RF24E_begin_idgs                                       text19       009CB8
_RF24E_configure                                        text20       0054B4
_RF24E_init                                             text15       00A0A6
_RF24E_network_send                                     text104      0095B8
_RF24E_set_gateway                                      text14       007914
_RF24E_tick                                             text88       007FEC
_RF24Ethernet                                           bssBANK2     000200
_RF24M_begin                                            text6        0088B2
_RF24M_checkConnection                                  text62       008396
_RF24M_getAddress                                       text70       006B88
_RF24M_getNodeID                                        text71       006FE8
_RF24M_init                                             text5        00A0A2
_RF24M_loadDHCP                                         text13       00A0A4
_RF24M_renewAddress                                     text49       0071F6
_RF24M_requestAddress                                   text53       004DBC
_RF24M_setAddress                                       text66       007F28
_RF24M_setNodeID                                        text23       00A062
_RF24M_update                                           text65       006DBC
_RF24M_update$5825                                      cstackBANK0  0000CC
_RF24NH_init                                            text110      009878
_RF24N__write                                           text109      007E52
_RF24N_available                                        text123      009DE0
_RF24N_begin                                            text55       009FDC
_RF24N_begin_d                                          text56       007CA2
_RF24N_direct_child_route_to                            text130      009A54
_RF24N_enqueue                                          text124      003AD2
_RF24N_enqueue$3566                                     cstackCOMRAM 00002F
_RF24N_getFrag_ptr                                      text103      00A050
_RF24N_getFrame_buffer                                  text72       00A046
_RF24N_getNetworkFlags                                  text64       00A06A
_RF24N_init                                             text4        009282
_RF24N_is_descendant                                    text129      009BE4
_RF24N_is_direct_child                                  text128      009100
_RF24N_is_valid_address                                 text146      009A8A
_RF24N_levelToAddress                                   text144      0094D8
_RF24N_logicalToPhysicalAddress                         text127      007A06
_RF24N_multicast                                        text54       00909C
_RF24N_multicast$5824                                   cstackCOMRAM 00006B
_RF24N_pipe_address                                     text137      007700
_RF24N_setNetworkFlags                                  text52       00A026
_RF24N_setReturnSysMsgs                                 text12       00A05A
_RF24N_setup_address                                    text61       007BC6
_RF24N_update                                           text155      004046
_RF24N_write                                            text156      005B6E
_RF24N_write_                                           text106      005E84
_RF24N_write_m                                          text105      009C3E
_RF24N_write_to_pipe                                    text131      0086FE
_RF24_available                                         text51       00A00C
_RF24_available_p                                       text143      009B26
_RF24_begin                                             text7        007AE8
_RF24_begin$3210                                        cstackCOMRAM 00001E
_RF24_beginTransaction                                  text135      00A08A
_RF24_ce_d                                              text140      009EB6
_RF24_closeReadingPipe                                  text116      0097AE
_RF24_csn_d                                             text136      009F22
_RF24_enableDynamicPayloads                             text60       009C90
_RF24_endTransaction                                    text134      00A082
_RF24_flush_rx                                          text120      00A07A
_RF24_flush_tx                                          text141      00A092
_RF24_getDynamicPayloadSize                             text119      0099E6
_RF24_get_status                                        text115      00A072
_RF24_init                                              text3        009938
_RF24_isValid                                           text145      009ED2
_RF24_isValid$3323                                      cstackCOMRAM 000004
_RF24_openReadingPipe_d                                 text59       0075D6
_RF24_openWritingPipe_d                                 text122      008D38
_RF24_powerUp                                           text142      009D76
_RF24_read                                              text121      009E9A
_RF24_read_payload                                      text113      00893E
_RF24_read_payload$3181                                 cstackCOMRAM 000020
_RF24_read_register_d                                   text147      009E60
_RF24_rxFifoFull                                        text63       00A032
_RF24_setAutoAck_p                                      text154      009392
_RF24_setChannel                                        text58       009D04
_RF24_setChannel$3196                                   cstackCOMRAM 00001A
_RF24_setDataRate                                       text11       008EFC
_RF24_setRetries                                        text57       009D9C
_RF24_spiTrans                                          text114      009F7C
_RF24_startFastWrite                                    text117      0099AE
_RF24_startFastWrite$3248                               cstackCOMRAM 00002E
_RF24_startListening                                    text151      00933A
_RF24_stopListening                                     text152      008F66
_RF24_toggle_features_d                                 text10       009F3A
_RF24_txStandBy_t                                       text153      008166
_RF24_writeFast_m                                       text118      0098B8
_RF24_write_payload                                     text112      008792
_RF24_write_payload$3173                                cstackCOMRAM 000023
_RF24_write_payload$3174                                cstackCOMRAM 000025
_RF24_write_register_c_d                                text132      009AC0
_RF24_write_register_d                                  text148      009E22
_SPBRG                                                  (abs)        000FAF
_SPBRGH                                                 (abs)        000FB0
_SPI_begin                                              text9        009EEE
_SPI_transfer                                           text133      009FFC
_SSPBUF                                                 (abs)        000FC9
_SSPCON1bits                                            (abs)        000FC6
_SSPSTATbits                                            (abs)        000FC7
_Serial_begin                                           text2        008C46
_Serial_print                                           text43       008B4C
_Serial_println                                         text42       009C68
_Serial_tx                                              text44       00A01A
_T0CONbits                                              (abs)        000FD5
_TMR0H                                                  (abs)        000FD7
_TMR0L                                                  (abs)        000FD6
_TRISAbits                                              (abs)        000F92
_TRISBbits                                              (abs)        000F93
_TRISCbits                                              (abs)        000F94
_TRISDbits                                              (abs)        000F95
_TRISEbits                                              (abs)        000F96
_TXREG                                                  (abs)        000FAD
_TXSTAbits                                              (abs)        000FAC
__CFG_BOREN$OFF                                         (abs)        000000
__CFG_BORV$3                                            (abs)        000000
__CFG_CCP2MX$PORTC                                      (abs)        000000
__CFG_CP0$OFF                                           (abs)        000000
__CFG_CP1$OFF                                           (abs)        000000
__CFG_CP2$OFF                                           (abs)        000000
__CFG_CP3$OFF                                           (abs)        000000
__CFG_CPB$OFF                                           (abs)        000000
__CFG_CPD$OFF                                           (abs)        000000
__CFG_EBTR0$OFF                                         (abs)        000000
__CFG_EBTR1$OFF                                         (abs)        000000
__CFG_EBTR2$OFF                                         (abs)        000000
__CFG_EBTR3$OFF                                         (abs)        000000
__CFG_EBTRB$OFF                                         (abs)        000000
__CFG_FCMEN$OFF                                         (abs)        000000
__CFG_IESO$OFF                                          (abs)        000000
__CFG_LPT1OSC$OFF                                       (abs)        000000
__CFG_LVP$OFF                                           (abs)        000000
__CFG_MCLRE$ON                                          (abs)        000000
__CFG_OSC$HSPLL                                         (abs)        000000
__CFG_PBADEN$OFF                                        (abs)        000000
__CFG_PWRT$ON                                           (abs)        000000
__CFG_STVREN$OFF                                        (abs)        000000
__CFG_WDT$OFF                                           (abs)        000000
__CFG_WDTPS$32768                                       (abs)        000000
__CFG_WRT0$OFF                                          (abs)        000000
__CFG_WRT1$OFF                                          (abs)        000000
__CFG_WRT2$OFF                                          (abs)        000000
__CFG_WRT3$OFF                                          (abs)        000000
__CFG_WRTB$OFF                                          (abs)        000000
__CFG_WRTC$OFF                                          (abs)        000000
__CFG_WRTD$OFF                                          (abs)        000000
__CFG_XINST$OFF                                         (abs)        000000
__HRAM                                                  (abs)        000000
__Habs1                                                 abs1         000000
__Hbank0                                                bank0        000000
__Hbank1                                                bank1        000000
__Hbank10                                               bank10       000000
__Hbank11                                               bank11       000000
__Hbank12                                               bank12       000000
__Hbank13                                               bank13       000000
__Hbank14                                               bank14       000000
__Hbank15                                               bank15       000000
__Hbank2                                                bank2        000000
__Hbank3                                                bank3        000000
__Hbank4                                                bank4        000000
__Hbank5                                                bank5        000000
__Hbank6                                                bank6        000000
__Hbank7                                                bank7        000000
__Hbank8                                                bank8        000000
__Hbank9                                                bank9        000000
__Hbigbss                                               bigbss       000000
__Hbigdata                                              bigdata      000000
__Hbigram                                               bigram       000000
__Hbss                                                  bss          000000
__HbssBANK0                                             bssBANK0     000000
__HbssBANK1                                             bssBANK1     000000
__HbssBANK2                                             bssBANK2     000000
__HbssBANK3                                             bssBANK3     000000
__HbssBANK4                                             bssBANK4     000000
__HbssBIGRAM                                            bssBIGRAM    000000
__HbssCOMRAM                                            bssCOMRAM    000000
__Hcinit                                                cinit        000000
__Hclrtext                                              clrtext      000000
__Hcomram                                               comram       000000
__Hconfig                                               config       30000E
__Hconst                                                const        000000
__HcstackBANK0                                          cstackBANK0  000000
__HcstackBANK1                                          cstackBANK1  000000
__HcstackBANK2                                          cstackBANK2  000000
__HcstackCOMRAM                                         cstackCOMRAM 000000
__Hdata                                                 data         000000
__HdataBANK1                                            dataBANK1    000000
__HdataBANK2                                            dataBANK2    000000
__Heeprom_data                                          eeprom_data  000000
__Hend_init                                             end_init     00001C
__Hfarbss                                               farbss       000000
__Hfardata                                              fardata      000000
__Hibigdata                                             ibigdata     000000
__Hidata                                                idata        000000
__HidataBANK1                                           idataBANK1   000000
__HidataBANK2                                           idataBANK2   000000
__Hidloc                                                idloc        200008
__Hifardata                                             ifardata     000000
__Hinit                                                 init         000018
__Hintcode                                              intcode      000014
__Hintcode_body                                         intcode_body 000000
__Hintcodelo                                            intcodelo    000014
__Hintentry                                             intentry     000000
__Hintret                                               intret       000000
__Hintsave_regs                                         intsave_regs 000000
__Hirdata                                               irdata       000000
__Hmediumconst                                          mediumconst  010000
__HnvFARRAM                                             nvFARRAM     000000
__Hnvbit                                                nvbit        000000
__Hnvrram                                               nvrram       000000
__Hparam                                                rparam       000000
__Hpowerup                                              powerup      000014
__Hram                                                  ram          000000
__Hramtop                                               ramtop       001000
__Hrbit                                                 rbit         000000
__Hrbss                                                 rbss         000000
__Hrdata                                                rdata        000000
__Hreset_vec                                            reset_vec    000004
__Hrparam                                               rparam       000000
__Hsfr                                                  sfr          000000
__Hsmallconst                                           smallconst   000000
__Hspace_0                                              (abs)        30000E
[...]
      Locals:         8       0       0       0       0       0       0       0       0       0       0       0       0       0       0       0       0
      Temps:          8       0       0       0       0       0       0       0       0       0       0       0       0       0       0       0       0
      Totals:        21       0       0       0       0       0       0       0       0       0       0       0       0       0       0       0       0
Total ram usage:       21 bytes
 Hardware stack levels used:    1
 Hardware stack levels required when called:    7
 This function calls:
		_RF24_ce_d
		_RF24_flush_tx
		_RF24_get_status
		_RF24_read_register_d
		_RF24_stopListening
		_RF24_write_register_d
		_millis
 This function is called by:
		_RF24N_write_
		_RF24N_write
		_RF24N_write_to_pipe
 This function uses a non-reentrant model


 *************** function _RF24_setAutoAck_p *****************
 Defined at:
		line 1387 in file "../../../RF24_cg/RF24_cg.c"
 Parameters:    Size  Location     Type
  pipe            1    wreg     unsigned char 
  enable          1   25[COMRAM] unsigned char 
 Auto vars:     Size  Location     Type
  pipe            1   31[COMRAM] unsigned char 
  en_aa           1   30[COMRAM] unsigned char 
 Return value:  Size  Location     Type
                  1    wreg      void 
 Registers used:
		wreg, status,2, status,0, cstack
 Tracked objects:
		On entry : 
		On exit  : 
		Unchanged: 
 Data sizes:     COMRAM   BANK0   BANK1   BANK2   BANK3   BANK4   BANK5   BANK6   BANK7   BANK8   BANK9  BANK10  BANK11  BANK12  BANK13  BANK14  BANK15
      Params:         1       0       0       0       0       0       0       0       0       0       0       0       0       0       0       0       0
      Locals:         4       0       0       0       0       0       0       0       0       0       0       0       0       0       0       0       0
      Temps:          2       0       0       0       0       0       0       0       0       0       0       0       0       0       0       0       0
      Totals:         7       0       0       0       0       0       0       0       0       0       0       0       0       0       0       0       0
Total ram usage:        7 bytes
 Hardware stack levels used:    1
 Hardware stack levels required when called:    5
 This function calls:
		_RF24_read_register_d
		_RF24_write_register_d
 This function is called by:
		_RF24N_begin_d
		_RF24N_write_
		_RF24N_write
		_RF24N_write_to_pipe
 This function uses a non-reentrant model


 *************** function _RF24N_update *****************
 Defined at:
		line 226 in file "../../../RF24Network_cg/RF24Network_cg.c"
 Parameters:    Size  Location     Type
		None
 Auto vars:     Size  Location     Type
  val             1  [STACK] unsigned char 
  requester       2    0        unsigned int 
  header          2  [STACK] PTR struct .
		 -> rn.frame_buffer(32), rn(370), 
  returnVal       1  [STACK] unsigned char 
  pipe_num        1  [STACK] unsigned char 
 Return value:  Size  Location     Type
                  1  [STACK] unsigned char 
 Registers used:
		wreg, fsr0l, fsr0h, fsr1l, fsr1h, fsr2l, fsr2h, status,2, status,0, pclat, btemp, btemp+1, btemp+2, btemp+3, btemp+4, btemp+5, btemp+6, btemp+7, btemp+8, btemp+9, btemp+10, btemp+11, tosl, structret, tblptrl, tblptrh, tblptru, prodl, prodh, bsr, cstack
 Tracked objects:
		On entry : 
		On exit  : 
		Unchanged: 
 Data sizes:     COMRAM   BANK0   BANK1   BANK2   BANK3   BANK4   BANK5   BANK6   BANK7   BANK8   BANK9  BANK10  BANK11  BANK12  BANK13  BANK14  BANK15
      Params:         0       0       0       0       0       0       0       0       0       0       0       0       0       0       0       0       0
      Locals:         0       0       0       0       0       0       0       0       0       0       0       0       0       0       0       0       0
      Temps:          0       0       0       0       0       0       0       0       0       0       0       0       0       0       0       0       0
      Totals:         0       0       0       0       0       0       0       0       0       0       0       0       0       0       0       0       0
Total ram usage:        0 bytes
 Hardware stack levels used:    1
 Hardware stack levels required when called:   10
 This function calls:
		_RF24N_available
		_RF24N_enqueue
		_RF24N_is_valid_address
		_RF24N_levelToAddress
		_RF24N_write
		_RF24_available_p
		_RF24_getDynamicPayloadSize
		_RF24_isValid
		_RF24_read
		_delay
 This function is called by:
		_RF24N_write_
		_RF24N_write
		_RF24M_update
		_RF24M_getAddress
		_RF24M_getNodeID
		_RF24M_requestAddress
		_RF24E_tick
		_RF24M_DHCP
 This function uses a recursive model


 *************** function _RF24N_write *****************
 Defined at:
		line 981 in file "../../../RF24Network_cg/RF24Network_cg.c"
 Parameters:    Size  Location     Type
  to_node         2  [STACK] unsigned int 
  directTo        1  [STACK] unsigned char 
 Auto vars:     Size  Location     Type
  header          2  [STACK] PTR struct .
		 -> rn.frame_buffer(32), rn(370), 
  conversion      4  [STACK] struct .
  reply_time      4  [STACK] unsigned long 
  ok              1  [STACK] unsigned char 
  isAckType       1  [STACK] unsigned char 
 Return value:  Size  Location     Type
                  1  [STACK] unsigned char 
 Registers used:
		wreg, fsr0l, fsr0h, fsr1l, fsr1h, fsr2l, fsr2h, status,2, status,0, pclat, btemp, btemp+1, btemp+2, btemp+3, btemp+4, btemp+5, btemp+6, btemp+7, btemp+8, btemp+9, btemp+10, btemp+11, tosl, structret, tblptrl, tblptrh, tblptru, prodl, prodh, bsr, cstack
 Tracked objects:
		On entry : 
		On exit  : 
		Unchanged: 
 Data sizes:     COMRAM   BANK0   BANK1   BANK2   BANK3   BANK4   BANK5   BANK6   BANK7   BANK8   BANK9  BANK10  BANK11  BANK12  BANK13  BANK14  BANK15
      Params:         0       0       0       0       0       0       0       0       0       0       0       0       0       0       0       0       0
      Locals:         0       0       0       0       0       0       0       0       0       0       0       0       0       0       0       0       0
      Temps:          0       0       0       0       0       0       0       0       0       0       0       0       0       0       0       0       0
      Totals:         0       0       0       0       0       0       0       0       0       0       0       0       0       0       0       0       0
Total ram usage:        0 bytes
 Hardware stack levels used:    1
 Hardware stack levels required when called:    9
 This function calls:
		_RF24N_is_valid_address
		_RF24N_logicalToPhysicalAddress
		_RF24N_update
		_RF24N_write_to_pipe
		_RF24_setAutoAck_p
		_RF24_startListening
		_RF24_txStandBy_t
		_millis
 This function is called by:
		_RF24N_update
		_RF24N__write
 This function uses a recursive model


 *************** function _isr *****************
 Defined at:
		line 14 in file "pic_main.c"
 Parameters:    Size  Location     Type
		None
 Auto vars:     Size  Location     Type
		None
 Return value:  Size  Location     Type
                  1    wreg      void 
 Registers used:
		wreg, status,2, status,0
 Tracked objects:
		On entry : 
		On exit  : 
		Unchanged: 
 Data sizes:     COMRAM   BANK0   BANK1   BANK2   BANK3   BANK4   BANK5   BANK6   BANK7   BANK8   BANK9  BANK10  BANK11  BANK12  BANK13  BANK14  BANK15
      Params:         0       0       0       0       0       0       0       0       0       0       0       0       0       0       0       0       0
      Locals:         0       0       0       0       0       0       0       0       0       0       0       0       0       0       0       0       0
      Temps:          2       0       0       0       0       0       0       0       0       0       0       0       0       0       0       0       0
      Totals:         2       0       0       0       0       0       0       0       0       0       0       0       0       0       0       0       0
Total ram usage:        2 bytes
 Hardware stack levels used:    1
 This function calls:
		Nothing
 This function is called by:
		Interrupt level 2
 This function uses a non-reentrant model



MODULE INFORMATION

Module		Function		Class		Link	Load	Size
../../../RF24_c/utility/XC8/spi.c
		_millis        		CODE           	9FCA	0000	19
		_delay         		CODE           	9602	0000	75
		_delayMicroseconds		CODE           	98F8	0000	65
		_SPI_begin     		CODE           	9EEE	0000	27
		_digitalWrite  		CODE           	66C0	0000	639
		_pinMode       		CODE           	6442	0000	639
		_SPI_transfer  		CODE           	9FFC	0000	17

../../../RF24_c/utility/XC8/spi.c estimated size: 1481

serial.c
		_itoa_         		CODE           	9BB6	0000	47
		_Serial_tx     		CODE           	A01A	0000	13
		_Serial_begin  		CODE           	8C46	0000	123
		_Serial_print  		CODE           	8B4C	0000	127
		_Serial_println		CODE           	9C68	0000	41

serial.c estimated size: 351

/opt/microchip/xc8/v1.38/sources/common/strlen.c
		_strlen        		CODE           	91C6	0000	95

/opt/microchip/xc8/v1.38/sources/common/strlen.c estimated size: 95

/opt/microchip/xc8/v1.38/sources/common/lwmod.c
		___lwmod       		CODE           	9836	0000	67

/opt/microchip/xc8/v1.38/sources/common/lwmod.c estimated size: 67

/opt/microchip/xc8/v1.38/sources/common/strcmp.c
		_strcmp        		CODE           	956E	0000	75

/opt/microchip/xc8/v1.38/sources/common/strcmp.c estimated size: 75

/opt/microchip/xc8/v1.38/sources/common/awmod.c
		___awmod       		CODE           	8E20	0000	113

/opt/microchip/xc8/v1.38/sources/common/awmod.c estimated size: 113

../../../RF24Ethernet_cg/RF24Client_cg.c
		_RF24EC_read   		CODE           	9D2A	0000	39
		_RF24EC_init   		CODE           	9E02	0000	33
		_RF24EC_stop   		CODE           	74A2	0000	309
		_RF24EC_timedRead		CODE           	8824	0000	143
		_RF24EC_valid  		CODE           	8ACA	0000	131
		_RF24EC_write  		CODE           	9CDE	0000	39
		_RF24EC_flush  		CODE           	8CC0	0000	121
		_RF24EC_available		CODE           	9F08	0000	27
		_RF24EC_read_b 		CODE           	4598	0000	1183
		_RF24EC_init_d 		CODE           	9E7E	0000	29
		_RF24EC__write 		CODE           	4A36	0000	903
		_RF24EC_findUntil		CODE           	964C	0000	73
		_RF24EC_findMulti		CODE           	5814	0000	859
		_RF24EC__available		CODE           	8BCA	0000	125
		_RF24EC__allocateData		CODE           	82DC	0000	187
		_serialip_appcall		CODE           	2CCA	0000	3593
		_RF24EC_write_s		CODE           	9B88	0000	47
		_RF24EC_findUntil_f		CODE           	8500	0000	179

../../../RF24Ethernet_cg/RF24Client_cg.c estimated size: 8020

/opt/microchip/xc8/v1.38/sources/common/putch.c
		_putch         		CODE           	A0A8	0000	3

/opt/microchip/xc8/v1.38/sources/common/putch.c estimated size: 3

/opt/microchip/xc8/v1.38/sources/common/llmod.c
		___llmod       		CODE           	8FD0	0000	103

/opt/microchip/xc8/v1.38/sources/common/llmod.c estimated size: 103

/opt/microchip/xc8/v1.38/sources/common/isdigit.c
		_isdigit       		CODE           	9E42	0000	31

/opt/microchip/xc8/v1.38/sources/common/isdigit.c estimated size: 31

../../../RF24Mesh_cg/RF24Mesh_cg.c
		_RF24M_getAddress		CODE           	6B88	0000	565
		_RF24M_renewAddress		CODE           	71F6	0000	363
		_RF24M_init    		CODE           	A0A2	0000	3
		_RF24M_getNodeID		CODE           	6FE8	0000	527
		_RF24M_setAddress		CODE           	7F28	0000	197
		_RF24M_begin   		CODE           	88B2	0000	141
		_RF24M_loadDHCP		CODE           	A0A4	0000	3
		_RF24M_setNodeID		CODE           	A062	0000	9
		_RF24M_update  		CODE           	6DBC	0000	557
		_RF24M_requestAddress		CODE           	4DBC	0000	895
		_RF24M_checkConnection		CODE           	8396	0000	185

../../../RF24Mesh_cg/RF24Mesh_cg.c estimated size: 3445

/opt/microchip/xc8/v1.38/sources/common/sprintf.c
		_sprintf       		CODE           	97F4	0000	67

/opt/microchip/xc8/v1.38/sources/common/sprintf.c estimated size: 67

InteractiveServer_Mesh.c
		_loop          		CODE           	693E	0000	587
		_generate_tcp_stats		CODE           	6196	0000	685
		_setup         		CODE           	844E	0000	179

InteractiveServer_Mesh.c estimated size: 1451

../../../RF24_cg/RF24_cg.c
		_RF24_setChannel		CODE           	9D04	0000	39
		_RF24_txStandBy_t		CODE           	8166	0000	189
		_RF24_setRetries		CODE           	9D9C	0000	35
		_RF24_available_p		CODE           	9B26	0000	51
		_RF24_read     		CODE           	9E9A	0000	29
		_RF24_openReadingPipe_d		CODE           	75D6	0000	299
		_RF24_openWritingPipe_d		CODE           	8D38	0000	119
		_RF24_write_payload		CODE           	8792	0000	147
		_RF24_spiTrans 		CODE           	9F7C	0000	23
		_RF24_init     		CODE           	9938	0000	61
		_RF24_available		CODE           	A00C	0000	15
		_RF24_endTransaction		CODE           	A082	0000	9
		_RF24_closeReadingPipe		CODE           	97AE	0000	71
		_RF24_beginTransaction		CODE           	A08A	0000	9
		_RF24_read_payload		CODE           	893E	0000	135
		_RF24_stopListening		CODE           	8F66	0000	107
		_RF24_getDynamicPayloadSize		CODE           	99E6	0000	57
		_RF24_enableDynamicPayloads		CODE           	9C90	0000	41
		_RF24_powerUp  		CODE           	9D76	0000	39
		_RF24_toggle_features_d		CODE           	9F3A	0000	23
		_RF24_read_register_d		CODE           	9E60	0000	31
		_RF24_setDataRate		CODE           	8EFC	0000	107
		_RF24_csn_d    		CODE           	9F22	0000	25
		_RF24_begin    		CODE           	7AE8	0000	223
		_RF24_write_register_d		CODE           	9E22	0000	33
		_RF24_setAutoAck_p		CODE           	9392	0000	87
		_RF24_isValid  		CODE           	9ED2	0000	29
		_RF24_rxFifoFull		CODE           	A032	0000	11
		_RF24_startListening		CODE           	933A	0000	89
		_RF24_startFastWrite		CODE           	99AE	0000	57
		_RF24_writeFast_m		CODE           	98B8	0000	65
		_RF24_get_status		CODE           	A072	0000	9
		_RF24_write_register_c_d		CODE           	9AC0	0000	53
		_RF24_flush_rx 		CODE           	A07A	0000	9
		_RF24_flush_tx 		CODE           	A092	0000	9
		_RF24_ce_d     		CODE           	9EB6	0000	29

../../../RF24_cg/RF24_cg.c estimated size: 2364

/opt/microchip/xc8/v1.38/sources/common/lwdiv.c
		___lwdiv       		CODE           	93E8	0000	83

/opt/microchip/xc8/v1.38/sources/common/lwdiv.c estimated size: 83

/opt/microchip/xc8/v1.38/sources/common/awdiv.c
		___awdiv       		CODE           	89C4	0000	133

/opt/microchip/xc8/v1.38/sources/common/awdiv.c estimated size: 133

umalloc.c
		_malloc        		CODE           	92DE	0000	93
		_free          		CODE           	A03C	0000	11
		_realloc       		CODE           	9DBE	0000	35

umalloc.c estimated size: 139

/opt/microchip/xc8/v1.38/sources/common/doprnt.c
		__doprnt       		CODE           	1C08	0000	4291

/opt/microchip/xc8/v1.38/sources/common/doprnt.c estimated size: 4291

/opt/microchip/xc8/v1.38/sources/common/lldiv.c
		___lldiv       		CODE           	8A48	0000	131

/opt/microchip/xc8/v1.38/sources/common/lldiv.c estimated size: 131

../../utility/timer.c
		_timer_set     		CODE           	9974	0000	59
		_timer_reset   		CODE           	9A1E	0000	55
		_timer_expired 		CODE           	8DAE	0000	115

../../utility/timer.c estimated size: 229

HTML.h
		_stats_page    		CODE           	513A	0000	891
		_credits_page  		CODE           	9722	0000	71
		_sendPage      		CODE           	943A	0000	81
		_main_page     		CODE           	7360	0000	323

HTML.h estimated size: 1366

/opt/microchip/xc8/v1.38/sources/common/memcpy.c
		_memcpy        		CODE           	9224	0000	95

/opt/microchip/xc8/v1.38/sources/common/memcpy.c estimated size: 95

../../clock-arch.c
		_clock_time    		CODE           	9F66	0000	23

../../clock-arch.c estimated size: 23

../../../RF24Network_cg/RF24Network_cg.c
		_RF24N_pipe_address		CODE           	7700	0000	287
		_RF24N_write_to_pipe		CODE           	86FE	0000	149
		_RF24N_write   		CODE           	5B6E	0000	791
		_RF24N_getNetworkFlags		CODE           	A06A	0000	9
		_RF24N_write_  		CODE           	5E84	0000	787
		_RF24N_logicalToPhysicalAddress		CODE           	7A06	0000	227
		_RF24N_write_m 		CODE           	9C3E	0000	43
		_RF24N_getFrame_buffer		CODE           	A046	0000	11
		_RF24N_setNetworkFlags		CODE           	A026	0000	13
		_RF24N_init    		CODE           	9282	0000	93
		_RF24N_getFrag_ptr		CODE           	A050	0000	11
		_RF24N_available		CODE           	9DE0	0000	35
		_RF24N_direct_child_route_to		CODE           	9A54	0000	55
		_RF24N_setReturnSysMsgs		CODE           	A05A	0000	9
		_RF24N__write  		CODE           	7E52	0000	215
		_RF24N_is_valid_address		CODE           	9A8A	0000	55
		_RF24N_begin   		CODE           	9FDC	0000	17
		_RF24NH_init   		CODE           	9878	0000	65
		_RF24N_begin_d 		CODE           	7CA2	0000	217
		_RF24N_update  		CODE           	4046	0000	1363
		_RF24N_levelToAddress		CODE           	94D8	0000	77
		_RF24N_multicast		CODE           	909C	0000	101
		_RF24N_enqueue 		CODE           	3AD2	0000	1397
		_RF24N_is_direct_child		CODE           	9100	0000	101
		_RF24N_is_descendant		CODE           	9BE4	0000	47
		_RF24N_setup_address		CODE           	7BC6	0000	221

../../../RF24Network_cg/RF24Network_cg.c estimated size: 6396

/opt/microchip/xc8/v1.38/sources/common/ltoa.c
		_ultoa         		CODE           	781E	0000	247

/opt/microchip/xc8/v1.38/sources/common/ltoa.c estimated size: 247

pic_main.c
		_main          		CODE           	9AF4	0000	51
		_isr           		CODE           	0008	0000	57

pic_main.c estimated size: 108

shared
		_child_pipe    		MEDIUMCONST    	F69D	0000	7
		_html_page     		MEDIUMCONST    	0000	0000	0
		_dpowers       		MEDIUMCONST    	F64F	0000	41
		_main_html_p1  		MEDIUMCONST    	FA78	0000	301
		_main_html_p2  		MEDIUMCONST    	FC74	0000	171
		_child_pipe_enable		MEDIUMCONST    	F6A3	0000	7
		__initialization		CODE           	8664	0000	149
		_octpowers     		MEDIUMCONST    	F61F	0000	49
		_hexpowers     		MEDIUMCONST    	F677	0000	33
		_credits_html  		MEDIUMCONST    	F6B5	0000	964
		_child_payload_size		MEDIUMCONST    	F697	0000	7
		_all_ones_addr 		MEDIUMCONST    	0000	0000	0
		_broadcast_ipaddr		MEDIUMCONST    	F6B1	0000	5
		_begin_html    		MEDIUMCONST    	FBA4	0000	209
		_all_zeroes_addr		MEDIUMCONST    	F6AD	0000	5
		_broadcast_ethaddr		MEDIUMCONST    	FD1E	0000	7

shared estimated size: 1955

/opt/microchip/xc8/v1.38/sources/common/Umul16.c
		___wmul        		CODE           	9D50	0000	39

/opt/microchip/xc8/v1.38/sources/common/Umul16.c estimated size: 39

../../../RF24Ethernet_cg/RF24Server_cg.c
		_RF24ES_init   		CODE           	9F50	0000	23
		_RF24ES_begin  		CODE           	9FA6	0000	19
		_RF24ES_available		CODE           	7D7A	0000	217

../../../RF24Ethernet_cg/RF24Server_cg.c estimated size: 259

../../utility/uip.c
		_uip_add_rcv_nxt		CODE           	9036	0000	103
		_uip_ipchksum  		CODE           	9694	0000	73
		_uip_listen    		CODE           	9524	0000	75
		_uip_process   		CODE           	001C	0000	7149
		_uip_add32     		CODE           	85B2	0000	179
		_chksum        		CODE           	8222	0000	187
		_upper_layer_chksum		CODE           	80AA	0000	189
		_htons         		CODE           	9FB8	0000	19
		_uip_init      		CODE           	8E90	0000	109
		_uip_send      		CODE           	9768	0000	71
		_uip_tcpchksum 		CODE           	9FEC	0000	17

../../utility/uip.c estimated size: 8171

/opt/microchip/xc8/v1.38/sources/common/strncpy.c
		_strncpy       		CODE           	9164	0000	99

/opt/microchip/xc8/v1.38/sources/common/strncpy.c estimated size: 99

../../../RF24Ethernet_cg/RF24Ethernet_cg.c
		_RF24E_set_gateway		CODE           	7914	0000	243
		_RF24E_begin_i 		CODE           	96DC	0000	71
		_RF24E_begin_idgs		CODE           	9CB8	0000	39
		_RF24E_configure		CODE           	54B4	0000	865
		_RF24E_begin_id		CODE           	948A	0000	79
		_RF24E_tick    		CODE           	7FEC	0000	191
		_RF24E_begin_idg		CODE           	9B58	0000	49
		_RF24E_network_send		CODE           	95B8	0000	75
		_RF24E_init    		CODE           	A0A6	0000	3

../../../RF24Ethernet_cg/RF24Ethernet_cg.c estimated size: 1615

