Microchip MPLAB XC8 Compiler V1.38 ()

Linker command line:

-W-3 --edf=/opt/microchip/xc8/v1.38/dat/en_msgs.txt -cs \
  -h+dist/xc8/production/InteractiveServer_Mesh.X.production.sym \
  --cmf=dist/xc8/production/InteractiveServer_Mesh.X.production.cmf -z \
  -Q18F4620 -o/tmp/xcXJ3ESFz \
  -Mdist/xc8/production/InteractiveServer_Mesh.X.production.map -E1 \
  -ver=XC8 -ASTACK=055Ch-0f7fh -pstack=STACK -ACODE=00h-0FFFFh \
  -ACONST=00h-0FFFFh -ASMALLCONST=01000h-010FFhx240 \
  -AMEDIUMCONST=01000h-0FFFFh -ACOMRAM=01h-07Fh -AABS1=00h-0F7Fh \
  -ABIGRAM=01h-0F7Fh -ARAM=080h-0FFh,0100h-01FFhx14,0F00h-0F7Fh \
  -ABANK0=080h-0FFh -ABANK1=0100h-01FFh -ABANK2=0200h-02FFh \
  -ABANK3=0300h-03FFh -ABANK4=0400h-04FFh -ABANK5=0500h-05FFh \
  -ABANK6=0600h-06FFh -ABANK7=0700h-07FFh -ABANK8=0800h-08FFh \
  -ABANK9=0900h-09FFh -ABANK10=0A00h-0AFFh -ABANK11=0B00h-0BFFh \
  -ABANK12=0C00h-0CFFh -ABANK13=0D00h-0DFFh -ABANK14=0E00h-0EFFh \
  -ABANK15=0F00h-0F7Fh -ASFR=0F80h-0FFFh \
  -preset_vec=00h,intcode=08h,intcodelo,powerup,init,end_init \
  -pramtop=01000h -psmallconst=SMALLCONST -pmediumconst=MEDIUMCONST \
  -pconst=CONST -AFARRAM=00h-00h -ACONFIG=0300000h-030000Dh -pconfig=CONFIG \
  -AIDLOC=0200000h-0200007h -pidloc=IDLOC -AEEDATA=0F00000h-0F003FFh \
  -peeprom_data=EEDATA \
  -prdata=COMRAM,nvrram=COMRAM,nvbit=COMRAM,rbss=COMRAM,rbit=COMRAM \
  -pfarbss=FARRAM,fardata=FARRAM,nvFARRAM=FARRAM \
  -pintsave_regs=BIGRAM,bigbss=BIGRAM,bigdata=BIGRAM -pbss=RAM \
  -pidata=CODE,irdata=CODE,ibigdata=CODE,ifardata=CODE -prparam=COMRAM \
  /tmp/xcX3oFxTJ.obj \
  dist/xc8/production/InteractiveServer_Mesh.X.production.obj 

Object code version is 3.11

Machine type is 18F4620

Call graph: (short form)




                Name                               Link     Load   Length Selector   Space Scale
/tmp/xcX3oFxTJ.obj
                stack                               55C      55C      A24      55C       2
                end_init                             18       18        4        4       0
                init                                 14       14        4        4       0
                reset_vec                             0        0        4        0       0
                idloc                            200000   200000        8   200000       0
                config                           300000   300000        E   300000       0
dist/xc8/production/InteractiveServer_Mesh.X.production.obj
                intcode                               8        8        C        4       0
                temp                                 6C       6C        C        1       1
                mediumconst                        F5A0     F5A0      A60     7AD0       0
                intcode_body                       C83C     C83C       2C        4       0
                text156                            B66A     B66A       92        4       0
                text155                            BF30     BF30       64        4       0
                text154                            BC26     BC26       78        4       0
                text153                            AA0A     AA0A       D0        4       0
                text152                            767C     767C      2E4        4       0
                text151                            4FF8     4FF8      54C        4       0
                text150                            B018     B018       B0        4       0
                text149                            CB10     CB10       12     654F       0
                text148                            C714     C714       36        4       0
                text147                            C7E0     C7E0       30        4       0
                text146                            C9C8     C9C8       22        4       0
                text145                            BDF4     BDF4       70        4       0
                text144                            BECC     BECC       64        4       0
                text143                            C36E     C36E       52        4       0
                text142                            C6DE     C6DE       36        4       0
                text141                            CBA4     CBA4        A     654F       0
                text140                            CA54     CA54       1A        4       0
                text139                            B5D4     B5D4       96        4       0
                text138                            7C28     7C28      2C8        4       0
                text137                            C3C0     C3C0       50        4       0
                text136                            CB9A     CB9A        A     654F       0
                text135                            CA3A     CA3A       1A        4       0
                text134                            CB90     CB90        A     654F       0
                text133                            CB86     CB86        A     654F       0
                text132                            CAB4     CAB4       14     654F       0
                text131                            C95C     C95C       26        4       0
                text130                            C10A     C10A       5C        4       0
                text129                            8B78     8B78      1C0        4       0
                text128                            B2C4     B2C4       A6        4       0
                text127                            A1DE     A1DE       F8        4       0
                text126                            C272     C272       58        4       0
                text125                            C45E     C45E       4E        4       0
                text124                            ABA4     ABA4       C8        4       0
                text123                            C21A     C21A       58        4       0
                text122                            C586     C586       40        4       0
                text121                            B78A     B78A       8E        4       0
                text120                            8ED2     8ED2      194        4       0
                text119                            A5AC     A5AC       EA        4       0
                text118                            A696     A696       E8        4       0
                text117                            491A     491A      6DE        4       0
                text116                            A77E     A77E       DC        4       0
                text115                            C90E     C90E       28        4       0
                text114                            CB7C     CB7C        A     654F       0
                text113                            C4AC     C4AC       4C        4       0
                text112                            C982     C982       24        4       0
                text111                            B818     B818       8C        4       0
                text110                            BBAC     BBAC       7A        4       0
                text109                            98F0     98F0      138        4       0
                text108                            AEAA     AEAA       BC        4       0
                text107                            B53E     B53E       96        4       0
                text106                            6742     6742      400        4       0
                text105                            C670     C670       38        4       0
                text104                            C31C     C31C       52        4       0
                text103                            CB5A     CB5A        E     654F       0
                text102                            CBBC     CBBC        6     654F       0
                text101                            BC9E     BC9E       74        4       0
                text100                            C4F8     C4F8       4A        4       0
                text99                             9B5A     9B5A      130        4       0
                text98                             C1C0     C1C0       5A        4       0
                text97                             39B0     39B0      F6A        4       0
                text96                             ADEC     ADEC       BE        4       0
                text95                             BE64     BE64       68        4       0
                text94                             898E     898E      1EA        4       0
                text93                             C810     C810       2C        4       0
                text92                             C166     C166       5A        4       0
                text91                             9DAA     9DAA      11A        4       0
                text90                             CB72     CB72        A     654F       0
                text89                               1C       1C     210C        4       0
                text88                             A85A     A85A       DA        4       0
                text87                             CAFE     CAFE       12     654F       0
                text86                             5EA6     5EA6      490        4       0
                text85                             C74A     C74A       34        4       0
                text84                             B9B6     B9B6       82        4       0
                text83                             9A28     9A28      132        4       0
                text82                             5544     5544      4B4        4       0
                text81                             9368     9368      17C        4       0
                text80                             B8A4     B8A4       8A        4       0
                text79                             C0AE     C0AE       5C        4       0
                text78                             BD84     BD84       70        4       0
                text77                             9C8A     9C8A      120        4       0
                text76                             BA38     BA38       80        4       0
                text75                             CA9E     CA9E       16     654F       0
                text74                             C9A6     C9A6       22        4       0
                text73                             9FD4     9FD4      108        4       0
                text72                             CAEC     CAEC       12     654F       0
                text71                             8796     8796      1F8        4       0
                text70                             859E     859E      1F8        4       0
                text69                             CADA     CADA       12     654F       0
                text68                             BD12     BD12       72        4       0
                text67                             C936     C936       26        4       0
                text66                             A3CC     A3CC       F4        4       0
                text65                             7EF0     7EF0      250        4       0
                text64                             CBB6     CBB6        6     654F       0
                text63                             CB4C     CB4C        E     654F       0
                text62                             AD2C     AD2C       C0        4       0
                text61                             91E8     91E8      180        4       0
                text60                             C77E     C77E       32        4       0
                text59                             9066     9066      182        4       0
                text58                             C542     C542       44        4       0
                text57                             C8BC     C8BC       2A        4       0
                text56                             97B4     97B4      13C        4       0
                text55                             CA6E     CA6E       18        4       0
                text54                             BB32     BB32       7A        4       0
                text53                             72DA     72DA      3A2        4       0
                text52                             CB3E     CB3E        E     654F       0
                text51                             CB30     CB30        E     654F       0
                text50                             B6FC     B6FC       8E        4       0
                text49                             94E4     94E4      176        4       0
                text48                             6B42     6B42      3D6        4       0
                text47                             C892     C892       2A        4       0
                text46                             AF66     AF66       B2        4       0
                text45                             BFF4     BFF4       5E        4       0
                text44                             CB22     CB22        E     654F       0
                text43                             AADA     AADA       CA        4       0
                text42                             C868     C868       2A        4       0
                text41                             A0DC     A0DC      102        4       0
                text40                             A934     A934       D6        4       0
                text39                             8376     8376      228        4       0
                text38                             C638     C638       38        4       0
                text37                             6F18     6F18      3C2        4       0
                text36                             C5C6     C5C6       3A        4       0
                text35                             C600     C600       38        4       0
                text34                             CBC6     CBC6        4     654F       0
                text33                             2128     2128     1888        4       0
                text32                             B21E     B21E       A6        4       0
                text31                             8D38     8D38      19A        4       0
                text30                             9EC4     9EC4      110        4       0
                text29                             6336     6336      40C        4       0
                text28                             B174     B174       AA        4       0
                text27                             8140     8140      236        4       0
                text26                             C2CA     C2CA       52        4       0
                text25                             CAC8     CAC8       12     654F       0
                text24                             C9EA     C9EA       1C        4       0
                text23                             CB68     CB68        A     654F       0
                text22                             BF94     BF94       60        4       0
                text21                             C410     C410       4E        4       0
                text20                             59F8     59F8      4AE        4       0
                text19                             C6A8     C6A8       36        4       0
                text18                             BAB8     BAB8       7A        4       0
                text17                             B0C8     B0C8       AC        4       0
                text16                             B36A     B36A       A2        4       0
                text15                             CBCE     CBCE        2     654F       0
                text14                             965A     965A      15A        4       0
                text13                             CBCC     CBCC        2     654F       0
                text12                             CBAE     CBAE        8     654F       0
                text11                             B40C     B40C       9C        4       0
                text10                             CA20     CA20       1A        4       0
                text9                              CA06     CA06       1A        4       0
                text8                              7960     7960      2C8        4       0
                text7                              A4C0     A4C0       EC        4       0
                text6                              B92E     B92E       88        4       0
                text5                              CBCA     CBCA        2     654F       0
                text4                              C052     C052       5C        4       0
                text3                              C7B0     C7B0       30        4       0
                text2                              AC6C     AC6C       C0        4       0
                text1                              A2D6     A2D6       F6        4       0
                text0                              C8E6     C8E6       28        4       0
                cstackCOMRAM                         7C       7C        2        1       1
                bssBIGRAM                           3EA      3EA      172      3EA       1
                bssBANK3                            300      300       EA      300       1
                bssBANK2                            200      200       58      200       1
                bssBANK1                            100      100       D8      100       1
                dataBANK0                            E0       E0       17       80       1
                bssBANK0                             80       80       60       80       1
                dataCOMRAM                           78       78        4        1       1
                bssCOMRAM                             1        1       6B        1       1
                cinit                              B4A8     B4A8       96        4       0
                idataBANK0                         CA86     CA86       17        4       0
                idataCOMRAM                        CBC2     CBC2        4     654F       0

TOTAL           Name                               Link     Load   Length     Space
        CLASS   STACK          
                stack                               55C      55C      A24         2

        CLASS   CODE           
                end_init                             18       18        4         0
                init                                 14       14        4         0
                intcode                               8        8        C         0
                reset_vec                             0        0        4         0
                intcode_body                       C83C     C83C       2C         0
                text156                            B66A     B66A       92         0
                text155                            BF30     BF30       64         0
                text154                            BC26     BC26       78         0
                text153                            AA0A     AA0A       D0         0
                text152                            767C     767C      2E4         0
                text151                            4FF8     4FF8      54C         0
                text150                            B018     B018       B0         0
                text149                            CB10     CB10       12         0
                text148                            C714     C714       36         0
                text147                            C7E0     C7E0       30         0
                text146                            C9C8     C9C8       22         0
                text145                            BDF4     BDF4       70         0
                text144                            BECC     BECC       64         0
                text143                            C36E     C36E       52         0
                text142                            C6DE     C6DE       36         0
                text141                            CBA4     CBA4        A         0
                text140                            CA54     CA54       1A         0
                text139                            B5D4     B5D4       96         0
                text138                            7C28     7C28      2C8         0
                text137                            C3C0     C3C0       50         0
                text136                            CB9A     CB9A        A         0
                text135                            CA3A     CA3A       1A         0
                text134                            CB90     CB90        A         0
                text133                            CB86     CB86        A         0
                text132                            CAB4     CAB4       14         0
                text131                            C95C     C95C       26         0
                text130                            C10A     C10A       5C         0
                text129                            8B78     8B78      1C0         0
                text128                            B2C4     B2C4       A6         0
                text127                            A1DE     A1DE       F8         0
                text126                            C272     C272       58         0
                text125                            C45E     C45E       4E         0
                text124                            ABA4     ABA4       C8         0
                text123                            C21A     C21A       58         0
                text122                            C586     C586       40         0
                text121                            B78A     B78A       8E         0
                text120                            8ED2     8ED2      194         0
                text119                            A5AC     A5AC       EA         0
                text118                            A696     A696       E8         0
                text117                            491A     491A      6DE         0
                text116                            A77E     A77E       DC         0
                text115                            C90E     C90E       28         0
                text114                            CB7C     CB7C        A         0
                text113                            C4AC     C4AC       4C         0
                text112                            C982     C982       24         0
                text111                            B818     B818       8C         0
                text110                            BBAC     BBAC       7A         0
                text109                            98F0     98F0      138         0
                text108                            AEAA     AEAA       BC         0
                text107                            B53E     B53E       96         0
                text106                            6742     6742      400         0
                text105                            C670     C670       38         0
                text104                            C31C     C31C       52         0
                text103                            CB5A     CB5A        E         0
                text102                            CBBC     CBBC        6         0
                text101                            BC9E     BC9E       74         0
                text100                            C4F8     C4F8       4A         0
                text99                             9B5A     9B5A      130         0
                text98                             C1C0     C1C0       5A         0
                text97                             39B0     39B0      F6A         0
                text96                             ADEC     ADEC       BE         0
                text95                             BE64     BE64       68         0
                text94                             898E     898E      1EA         0
                text93                             C810     C810       2C         0
                text92                             C166     C166       5A         0
                text91                             9DAA     9DAA      11A         0
                text90                             CB72     CB72        A         0
                text89                               1C       1C     210C         0
                text88                             A85A     A85A       DA         0
                text87                             CAFE     CAFE       12         0
                text86                             5EA6     5EA6      490         0
                text85                             C74A     C74A       34         0
                text84                             B9B6     B9B6       82         0
                text83                             9A28     9A28      132         0
                text82                             5544     5544      4B4         0
                text81                             9368     9368      17C         0
                text80                             B8A4     B8A4       8A         0
                text79                             C0AE     C0AE       5C         0
                text78                             BD84     BD84       70         0
                text77                             9C8A     9C8A      120         0
                text76                             BA38     BA38       80         0
                text75                             CA9E     CA9E       16         0
                text74                             C9A6     C9A6       22         0
                text73                             9FD4     9FD4      108         0
                text72                             CAEC     CAEC       12         0
                text71                             8796     8796      1F8         0
                text70                             859E     859E      1F8         0
                text69                             CADA     CADA       12         0
                text68                             BD12     BD12       72         0
                text67                             C936     C936       26         0
                text66                             A3CC     A3CC       F4         0
                text65                             7EF0     7EF0      250         0
                text64                             CBB6     CBB6        6         0
                text63                             CB4C     CB4C        E         0
                text62                             AD2C     AD2C       C0         0
                text61                             91E8     91E8      180         0
                text60                             C77E     C77E       32         0
                text59                             9066     9066      182         0
                text58                             C542     C542       44         0
                text57                             C8BC     C8BC       2A         0
                text56                             97B4     97B4      13C         0
                text55                             CA6E     CA6E       18         0
                text54                             BB32     BB32       7A         0
                text53                             72DA     72DA      3A2         0
                text52                             CB3E     CB3E        E         0
                text51                             CB30     CB30        E         0
                text50                             B6FC     B6FC       8E         0
                text49                             94E4     94E4      176         0
                text48                             6B42     6B42      3D6         0
                text47                             C892     C892       2A         0
                text46                             AF66     AF66       B2         0
                text45                             BFF4     BFF4       5E         0
                text44                             CB22     CB22        E         0
                text43                             AADA     AADA       CA         0
                text42                             C868     C868       2A         0
                text41                             A0DC     A0DC      102         0
                text40                             A934     A934       D6         0
                text39                             8376     8376      228         0
                text38                             C638     C638       38         0
                text37                             6F18     6F18      3C2         0
                text36                             C5C6     C5C6       3A         0
                text35                             C600     C600       38         0
                text34                             CBC6     CBC6        4         0
                text33                             2128     2128     1888         0
                text32                             B21E     B21E       A6         0
                text31                             8D38     8D38      19A         0
                text30                             9EC4     9EC4      110         0
                text29                             6336     6336      40C         0
                text28                             B174     B174       AA         0
                text27                             8140     8140      236         0
                text26                             C2CA     C2CA       52         0
                text25                             CAC8     CAC8       12         0
                text24                             C9EA     C9EA       1C         0
                text23                             CB68     CB68        A         0
                text22                             BF94     BF94       60         0
                text21                             C410     C410       4E         0
                text20                             59F8     59F8      4AE         0
                text19                             C6A8     C6A8       36         0
                text18                             BAB8     BAB8       7A         0
                text17                             B0C8     B0C8       AC         0
                text16                             B36A     B36A       A2         0
                text15                             CBCE     CBCE        2         0
                text14                             965A     965A      15A         0
                text13                             CBCC     CBCC        2         0
                text12                             CBAE     CBAE        8         0
                text11                             B40C     B40C       9C         0
                text10                             CA20     CA20       1A         0
                text9                              CA06     CA06       1A         0
                text8                              7960     7960      2C8         0
                text7                              A4C0     A4C0       EC         0
                text6                              B92E     B92E       88         0
                text5                              CBCA     CBCA        2         0
                text4                              C052     C052       5C         0
                text3                              C7B0     C7B0       30         0
                text2                              AC6C     AC6C       C0         0
                text1                              A2D6     A2D6       F6         0
                text0                              C8E6     C8E6       28         0
                cinit                              B4A8     B4A8       96         0
                idataBANK0                         CA86     CA86       17         0
                idataCOMRAM                        CBC2     CBC2        4         0

        CLASS   CONST          

        CLASS   SMALLCONST     

        CLASS   MEDIUMCONST    
                mediumconst                        F5A0     F5A0      A60         0

        CLASS   COMRAM         
                temp                                 6C       6C        C         1
                cstackCOMRAM                         7C       7C        2         1
                dataCOMRAM                           78       78        4         1
                bssCOMRAM                             1        1       6B         1

        CLASS   ABS1           

        CLASS   BIGRAM         
                bssBIGRAM                           3EA      3EA      172         1

        CLASS   RAM            

        CLASS   BANK0          
                dataBANK0                            E0       E0       17         1
                bssBANK0                             80       80       60         1

        CLASS   BANK1          
                bssBANK1                            100      100       D8         1

        CLASS   BANK2          
                bssBANK2                            200      200       58         1

        CLASS   BANK3          
                bssBANK3                            300      300       EA         1

        CLASS   BANK4          

        CLASS   BANK5          

        CLASS   BANK6          

        CLASS   BANK7          

        CLASS   BANK8          

        CLASS   BANK9          

        CLASS   BANK10         

        CLASS   BANK11         

        CLASS   BANK12         

        CLASS   BANK13         

        CLASS   BANK14         

        CLASS   BANK15         

        CLASS   SFR            

        CLASS   FARRAM         

        CLASS   CONFIG         
                config                           300000   300000        E         0

        CLASS   IDLOC          
                idloc                            200000   200000        8         0

        CLASS   EEDATA         



SEGMENTS        Name                           Load    Length   Top    Selector   Space  Class

                reset_vec                      000000  000004  000004         0       0  CODE    
                bssCOMRAM                      000001  00007D  00007E         1       1  COMRAM  
                intcode                        000008  00CA95  00CA9D         4       0  CODE    
                bssBANK0                       000080  000077  0000F7        80       1  BANK0   
                bssBANK1                       000100  0000D8  0001D8       100       1  BANK1   
                bssBANK2                       000200  000058  000258       200       1  BANK2   
                bssBANK3                       000300  0000EA  0003EA       300       1  BANK3   
                bssBIGRAM                      0003EA  000172  00055C       3EA       1  BIGRAM  
                stack                          00055C  000A24  000F80       55C       2  STACK   
                text75                         00CA9E  000132  00CBD0      654F       0  CODE    
                mediumconst                    00F5A0  000A60  010000      7AD0       0  MEDIUMCO
                idloc                          200000  000008  200008    200000       0  IDLOC   
                config                         300000  00000E  30000E    300000       0  CONFIG  


UNUSED ADDRESS RANGES

        Name                Unused          Largest block    Delta
        BANK0            0000F7-0000FF                9
        BANK1            0001D8-0001FF               28
        BANK10           000A00-000AFF              100
        BANK11           000B00-000BFF              100
        BANK12           000C00-000CFF              100
        BANK13           000D00-000DFF              100
        BANK14           000E00-000EFF              100
        BANK15           000F00-000F7F               80
        BANK2            000258-0002FF               A8
        BANK5            00055C-0005FF               A4
        BANK6            000600-0006FF              100
        BANK7            000700-0007FF              100
        BANK8            000800-0008FF              100
        BANK9            000900-0009FF              100
        BIGRAM           00007E-00007F                2
                         0000F7-0000FF                9
                         0001D8-0001FF               28
                         000258-0002FF               A8
                         00055C-000F7F              A24
        CODE             000004-000007                4
                         00CA9D-00CA9D                1
                         00CBD0-00F59F             29D0
        COMRAM           00007E-00007F                2
        CONST            000004-000007                4
                         00CA9D-00CA9D                1
                         00CBD0-00F59F             29D0
        EEDATA           F00000-F003FF              400
        MEDIUMCONST      00CA9D-00CA9D                1
                         00CBD0-00F59F             29D0
        RAM              0000F7-0000FF                9
                         0001D8-0001FF               28
                         000258-0002FF               A8
                         00055C-000F7F              100
        SFR              000F80-000FFF               80
        SMALLCONST       00CA9D-00CA9D                1
                         00CBD0-00F59F              100

                                  Symbol Table

RF24N_pipe_address@F3856                 dataBANK0    0000E7
RF24N_pipe_address@address_translation   dataBANK0    0000E0
_BAUDCONbits                             (abs)        000FB8
_INTCONbits                              (abs)        000FF2
_LATAbits                                (abs)        000F89
_LATBbits                                (abs)        000F8A
_LATCbits                                (abs)        000F8B
_LATDbits                                (abs)        000F8C
_LATEbits                                (abs)        000F8D
_RCSTAbits                               (abs)        000FAB
_RF24EC__allocateData                    text99       009B5A
_RF24EC__available                       text111      00B818
_RF24EC__write                           text48       006B42
_RF24EC_available                        text87       00CAFE
_RF24EC_findMulti                        text82       005544
_RF24EC_findUntil                        text79       00C0AE
_RF24EC_findUntil_f                      text81       009368
_RF24EC_flush                            text78       00BD84
_RF24EC_init                             text75       00CA9E
_RF24EC_init_d                           text74       00C9A6
_RF24EC_read                             text85       00C74A
_RF24EC_read_b                           text86       005EA6
_RF24EC_stop                             text77       009C8A
_RF24EC_timedRead                        text84       00B9B6
_RF24EC_valid                            text76       00BA38
_RF24EC_write                            text47       00C892
_RF24EC_write_s                          text36       00C5C6
_RF24ES_available                        text73       009FD4
_RF24ES_begin                            text25       00CAC8
_RF24ES_init                             text24       00C9EA
_RF24E__dnsServerAddress                 bssCOMRAM    00004D
_RF24E_begin_i                           text16       00B36A
_RF24E_begin_id                          text17       00B0C8
_RF24E_begin_idg                         text18       00BAB8
_RF24E_begin_idgs                        text19       00C6A8
_RF24E_configure                         text20       0059F8
_RF24E_init                              text15       00CBCE
_RF24E_network_send                      text104      00C31C
_RF24E_set_gateway                       text14       00965A
_RF24E_tick                              text88       00A85A
_RF24M_begin                             text6        00B92E
_RF24M_checkConnection                   text62       00AD2C
_RF24M_getAddress                        text70       00859E
_RF24M_getNodeID                         text71       008796
_RF24M_init                              text5        00CBCA
_RF24M_loadDHCP                          text13       00CBCC
_RF24M_renewAddress                      text49       0094E4
_RF24M_requestAddress                    text53       0072DA
_RF24M_setAddress                        text66       00A3CC
_RF24M_setNodeID                         text23       00CB68
_RF24M_update                            text65       007EF0
_RF24NH_init                             text110      00BBAC
_RF24N__write                            text109      0098F0
_RF24N_available                         text112      00C982
_RF24N_begin                             text55       00CA6E
_RF24N_begin_d                           text56       0097B4
_RF24N_direct_child_route_to             text123      00C21A
_RF24N_enqueue                           text117      00491A
_RF24N_getFrag_ptr                       text103      00CB5A
_RF24N_getFrame_buffer                   text72       00CAEC
_RF24N_getNetworkFlags                   text64       00CBB6
_RF24N_init                              text4        00C052
_RF24N_is_descendant                     text122      00C586
_RF24N_is_direct_child                   text121      00B78A
_RF24N_is_valid_address                  text145      00BDF4
_RF24N_levelToAddress                    text144      00BECC
_RF24N_logicalToPhysicalAddress          text120      008ED2
_RF24N_multicast                         text54       00BB32
_RF24N_pipe_address                      text129      008B78
_RF24N_setNetworkFlags                   text52       00CB3E
_RF24N_setReturnSysMsgs                  text12       00CBAE
_RF24N_setup_address                     text61       0091E8
_RF24N_update                            text151      004FF8
_RF24N_write                             text152      00767C
_RF24N_write_                            text106      006742
_RF24N_write_m                           text105      00C670
_RF24N_write_to_pipe                     text124      00ABA4
_RF24_available                          text51       00CB30
_RF24_available_p                        text143      00C36E
_RF24_begin                              text7        00A4C0
_RF24_beginTransaction                   text134      00CB90
_RF24_ce_d                               text140      00CA54
_RF24_closeReadingPipe                   text137      00C3C0
_RF24_csn_d                              text135      00CA3A
_RF24_enableDynamicPayloads              text60       00C77E
_RF24_endTransaction                     text133      00CB86
_RF24_flush_rx                           text114      00CB7C
_RF24_flush_tx                           text141      00CBA4
_RF24_getDynamicPayloadSize              text113      00C4AC
_RF24_get_status                         text136      00CB9A
_RF24_init                               text3        00C7B0
_RF24_isValid                            text146      00C9C8
_RF24_openReadingPipe_d                  text59       009066
_RF24_openWritingPipe_d                  text128      00B2C4
_RF24_powerUp                            text142      00C6DE
_RF24_read                               text115      00C90E
_RF24_read_payload                       text116      00A77E
_RF24_read_register_d                    text147      00C7E0
_RF24_rxFifoFull                         text63       00CB4C
_RF24_setAutoAck_p                       text156      00B66A
_RF24_setChannel                         text58       00C542
_RF24_setDataRate                        text11       00B40C
_RF24_setRetries                         text57       00C8BC
_RF24_spiTrans                           text131      00C95C
_RF24_startFastWrite                     text126      00C272
_RF24_startListening                     text155      00BF30
_RF24_stopListening                      text154      00BC26
_RF24_toggle_features_d                  text10       00CA20
_RF24_txStandBy_t                        text153      00AA0A
_RF24_writeFast_m                        text125      00C45E
_RF24_write_payload                      text127      00A1DE
_RF24_write_register_c_d                 text130      00C10A
_RF24_write_register_d                   text148      00C714
_SPBRG                                   (abs)        000FAF
_SPBRGH                                  (abs)        000FB0
_SPI_begin                               text9        00CA06
_SPI_transfer                            text132      00CAB4
_SSPBUF                                  (abs)        000FC9
_SSPCON1bits                             (abs)        000FC6
_SSPSTATbits                             (abs)        000FC7
_Serial_begin                            text2        00AC6C
_Serial_print                            text43       00AADA
_Serial_println                          text42       00C868
_Serial_tx                               text44       00CB22
_T0CONbits                               (abs)        000FD5
_TMR0H                                   (abs)        000FD7
_TMR0L                                   (abs)        000FD6
_TRISAbits                               (abs)        000F92
_TRISBbits                               (abs)        000F93
_TRISCbits                               (abs)        000F94
_TRISDbits                               (abs)        000F95
_TRISEbits                               (abs)        000F96
_TXREG                                   (abs)        000FAD
_TXSTAbits                               (abs)        000FAC
__CFG_BOREN$OFF                          (abs)        000000
__CFG_BORV$3                             (abs)        000000
__CFG_CCP2MX$PORTC                       (abs)        000000
__CFG_CP0$OFF                            (abs)        000000
__CFG_CP1$OFF                            (abs)        000000
__CFG_CP2$OFF                            (abs)        000000
__CFG_CP3$OFF                            (abs)        000000
__CFG_CPB$OFF                            (abs)        000000
__CFG_CPD$OFF                            (abs)        000000
__CFG_EBTR0$OFF                          (abs)        000000
__CFG_EBTR1$OFF                          (abs)        000000
__CFG_EBTR2$OFF                          (abs)        000000
__CFG_EBTR3$OFF                          (abs)        000000
__CFG_EBTRB$OFF                          (abs)        000000
__CFG_FCMEN$OFF                          (abs)        000000
__CFG_IESO$OFF                           (abs)        000000
__CFG_LPT1OSC$OFF                        (abs)        000000
__CFG_LVP$OFF                            (abs)        000000
__CFG_MCLRE$ON                           (abs)        000000
__CFG_OSC$HSPLL                          (abs)        000000
__CFG_PBADEN$OFF                         (abs)        000000
__CFG_PWRT$ON                            (abs)        000000
__CFG_STVREN$OFF                         (abs)        000000
__CFG_WDT$OFF                            (abs)        000000
__CFG_WDTPS$32768                        (abs)        000000
__CFG_WRT0$OFF                           (abs)        000000
__CFG_WRT1$OFF                           (abs)        000000
__CFG_WRT2$OFF                           (abs)        000000
__CFG_WRT3$OFF                           (abs)        000000
__CFG_WRTB$OFF                           (abs)        000000
__CFG_WRTC$OFF                           (abs)        000000
__CFG_WRTD$OFF                           (abs)        000000
__CFG_XINST$OFF                          (abs)        000000
__HRAM                                   (abs)        000000
__Habs1                                  abs1         000000
__Hbank0                                 bank0        000000
__Hbank1                                 bank1        000000
__Hbank10                                bank10       000000
__Hbank11                                bank11       000000
__Hbank12                                bank12       000000
__Hbank13                                bank13       000000
__Hbank14                                bank14       000000
__Hbank15                                bank15       000000
__Hbank2                                 bank2        000000
__Hbank3                                 bank3        000000
__Hbank4                                 bank4        000000
__Hbank5                                 bank5        000000
__Hbank6                                 bank6        000000
__Hbank7                                 bank7        000000
__Hbank8                                 bank8        000000
__Hbank9                                 bank9        000000
__Hbigbss                                bigbss       000000
__Hbigdata                               bigdata      000000
__Hbigram                                bigram       000000
__Hbss                                   bss          000000
__HbssBANK0                              bssBANK0     000000
__HbssBANK1                              bssBANK1     000000
__HbssBANK2                              bssBANK2     000000
__HbssBANK3                              bssBANK3     000000
__HbssBIGRAM                             bssBIGRAM    000000
__HbssCOMRAM                             bssCOMRAM    000000
__Hcinit                                 cinit        000000
__Hclrtext                               clrtext      000000
__Hcomram                                comram       000000
__Hconfig                                config       30000E
__Hconst                                 const        000000
__HcstackCOMRAM                          cstackCOMRAM 000000
__Hdata                                  data         000000
__HdataBANK0                             dataBANK0    000000
__HdataCOMRAM                            dataCOMRAM   000000
__Heeprom_data                           eeprom_data  000000
__Hend_init                              end_init     00001C
__Hfarbss                                farbss       000000
__Hfardata                               fardata      000000
__Hibigdata                              ibigdata     000000
__Hidata                                 idata        000000
__HidataBANK0                            idataBANK0   000000
__HidataCOMRAM                           idataCOMRAM  000000
__Hidloc                                 idloc        200008
__Hifardata                              ifardata     000000
__Hinit                                  init         000018
__Hintcode                               intcode      000014
__Hintcode_body                          intcode_body 000000
__Hintcodelo                             intcodelo    000014
__Hintentry                              intentry     000000
__Hintret                                intret       000000
__Hintsave_regs                          intsave_regs 000000
__Hirdata                                irdata       000000
__Hmediumconst                           mediumconst  010000
__HnvFARRAM                              nvFARRAM     000000
__Hnvbit                                 nvbit        000000
__Hnvrram                                nvrram       000000
__Hparam                                 rparam       000000
__Hpowerup                               powerup      000014
__Hram                                   ram          000000
__Hramtop                                ramtop       001000
__Hrbit                                  rbit         000000
__Hrbss                                  rbss         000000
__Hrdata                                 rdata        000000
__Hreset_vec                             reset_vec    000004
__Hrparam                                rparam       000000
__Hsfr                                   sfr          000000
__Hsmallconst                            smallconst   000000
__Hspace_0                               (abs)        30000E
__Hspace_1                               (abs)        00055C
__Hspace_2                               (abs)        000F80
__Hstack                                 stack        000F80
__Hstruct                                struct       000000
__Htemp                                  temp         000078
__Htext                                  text         000000
__Htext0                                 text0        000000
__Htext1                                 text1        000000
__Htext10                                text10       000000
__Htext100                               text100      000000
__Htext101                               text101      000000
__Htext102                               text102      000000
__Htext103                               text103      000000
__Htext104                               text104      000000
__Htext105                               text105      000000
__Htext106                               text106      000000
__Htext107                               text107      000000
__Htext108                               text108      000000
__Htext109                               text109      000000
__Htext11                                text11       000000
__Htext110                               text110      000000
__Htext111                               text111      000000
__Htext112                               text112      000000
__Htext113                               text113      000000
__Htext114                               text114      000000
__Htext115                               text115      000000
__Htext116                               text116      000000
__Htext117                               text117      000000
__Htext118                               text118      000000
__Htext119                               text119      000000
__Htext12                                text12       000000
__Htext120                               text120      000000
__Htext121                               text121      000000
__Htext122                               text122      000000
__Htext123                               text123      000000
__Htext124                               text124      000000
__Htext125                               text125      000000
__Htext126                               text126      000000
__Htext127                               text127      000000
__Htext128                               text128      000000
__Htext129                               text129      000000
__Htext13                                text13       000000
__Htext130                               text130      000000
__Htext131                               text131      000000
__Htext132                               text132      000000
__Htext133                               text133      000000
__Htext134                               text134      000000
__Htext135                               text135      000000
__Htext136                               text136      000000
__Htext137                               text137      000000
__Htext138                               text138      000000
__Htext139                               text139      000000
__Htext14                                text14       000000
__Htext140                               text140      000000
__Htext141                               text141      000000
__Htext142                               text142      000000
__Htext143                               text143      000000
__Htext144                               text144      000000
__Htext145                               text145      000000
__Htext146                               text146      000000
__Htext147                               text147      000000
__Htext148                               text148      000000
__Htext149                               text149      000000
__Htext15                                text15       000000
__Htext150                               text150      000000
__Htext151                               text151      000000
__Htext152                               text152      000000
__Htext153                               text153      000000
__Htext154                               text154      000000
__Htext155                               text155      000000
__Htext156                               text156      000000
__Htext16                                text16       000000
__Htext17                                text17       000000
__Htext18                                text18       000000
__Htext19                                text19       000000
__Htext2                                 text2        000000
__Htext20                                text20       000000
__Htext21                                text21       000000
__Htext22                                text22       000000
__Htext23                                text23       000000
__Htext24                                text24       000000
__Htext25                                text25       000000
__Htext26                                text26       000000
__Htext27                                text27       000000
__Htext28                                text28       000000
__Htext29                                text29       000000
__Htext3                                 text3        000000
__Htext30                                text30       000000
__Htext31                                text31       000000
__Htext32                                text32       000000
__Htext33                                text33       000000
__Htext34                                text34       000000
__Htext35                                text35       000000
__Htext36                                text36       000000
__Htext37                                text37       000000
__Htext38                                text38       000000
__Htext39                                text39       000000
__Htext4                                 text4        000000
__Htext40                                text40       000000
__Htext41                                text41       000000
__Htext42                                text42       000000
__Htext43                                text43       000000
__Htext44                                text44       000000
__Htext45                                text45       000000
__Htext46                                text46       000000
__Htext47                                text47       000000
__Htext48                                text48       000000
__Htext49                                text49       000000
__Htext5                                 text5        000000
__Htext50                                text50       000000
__Htext51                                text51       000000
__Htext52                                text52       000000
__Htext53                                text53       000000
__Htext54                                text54       000000
__Htext55                                text55       000000
__Htext56                                text56       000000
__Htext57                                text57       000000
__Htext58                                text58       000000
__Htext59                                text59       000000
__Htext6                                 text6        000000
__Htext60                                text60       000000
__Htext61                                text61       000000
__Htext62                                text62       000000
__Htext63                                text63       000000
__Htext64                                text64       000000
__Htext65                                text65       000000
__Htext66                                text66       000000
__Htext67                                text67       000000
__Htext68                                text68       000000
__Htext69                                text69       000000
__Htext7                                 text7        000000
__Htext70                                text70       000000
__Htext71                                text71       000000
__Htext72                                text72       000000
__Htext73                                text73       000000
__Htext74                                text74       000000
__Htext75                                text75       000000
__Htext76                                text76       000000
__Htext77                                text77       000000
__Htext78                                text78       000000
__Htext79                                text79       000000
__Htext8                                 text8        000000
__Htext80                                text80       000000
__Htext81                                text81       000000
__Htext82                                text82       000000
__Htext83                                text83       000000
__Htext84                                text84       000000
__Htext85                                text85       000000
__Htext86                                text86       000000
__Htext87                                text87       000000
__Htext88                                text88       000000
__Htext89                                text89       000000
__Htext9                                 text9        000000
__Htext90                                text90       000000
__Htext91                                text91       000000
__Htext92                                text92       000000
__Htext93                                text93       000000
__Htext94                                text94       000000
__Htext95                                text95       000000
__Htext96                                text96       000000
__Htext97                                text97       000000
__Htext98                                text98       000000
__Htext99                                text99       000000
__LRAM                                   (abs)        000001
__Labs1                                  abs1         000000
__Lbank0                                 bank0        000000
__Lbank1                                 bank1        000000
__Lbank10                                bank10       000000
__Lbank11                                bank11       000000
__Lbank12                                bank12       000000
__Lbank13                                bank13       000000
__Lbank14                                bank14       000000
__Lbank15                                bank15       000000
__Lbank2                                 bank2        000000
__Lbank3                                 bank3        000000
__Lbank4                                 bank4        000000
__Lbank5                                 bank5        000000
__Lbank6                                 bank6        000000
__Lbank7                                 bank7        000000
__Lbank8                                 bank8        000000
__Lbank9                                 bank9        000000
__Lbigbss                                bigbss       000000
__Lbigdata                               bigdata      000000
__Lbigram                                bigram       000000
__Lbss                                   bss          000000
__LbssBANK0                              bssBANK0     000000
__LbssBANK1                              bssBANK1     000000
__LbssBANK2                              bssBANK2     000000
__LbssBANK3                              bssBANK3     000000
__LbssBIGRAM                             bssBIGRAM    000000
__LbssCOMRAM                             bssCOMRAM    000000
__Lcinit                                 cinit        000000
__Lclrtext                               clrtext      000000
__Lcomram                                comram       000000
__Lconfig                                config       300000
__Lconst                                 const        000000
__LcstackCOMRAM                          cstackCOMRAM 000000
__Ldata                                  data         000000
__LdataBANK0                             dataBANK0    000000
__LdataCOMRAM                            dataCOMRAM   000000
__Leeprom_data                           eeprom_data  000000
__Lend_init                              end_init     000018
__Lfarbss                                farbss       000000
__Lfardata                               fardata      000000
__Libigdata                              ibigdata     000000
__Lidata                                 idata        000000
__LidataBANK0                            idataBANK0   000000
__LidataCOMRAM                           idataCOMRAM  000000
__Lidloc                                 idloc        200000
__Lifardata                              ifardata     000000
__Linit                                  init         000014
__Lintcode                               intcode      000008
__Lintcode_body                          intcode_body 000000
__Lintcodelo                             intcodelo    000014
__Lintentry                              intentry     000000
__Lintret                                intret       000000
__Lintsave_regs                          intsave_regs 000000
__Lirdata                                irdata       000000
__Lmediumconst                           mediumconst  00F5A0
__LnvFARRAM                              nvFARRAM     000000
__Lnvbit                                 nvbit        000000
__Lnvrram                                nvrram       000000
__Lparam                                 rparam       000000
__Lpowerup                               powerup      000014
__Lram                                   ram          000000
__Lramtop                                ramtop       001000
__Lrbit                                  rbit         000000
__Lrbss                                  rbss         000000
__Lrdata                                 rdata        000000
__Lreset_vec                             reset_vec    000000
__Lrparam                                rparam       000000
__Lsfr                                   sfr          000000
__Lsmallconst                            smallconst   000000
__Lspace_0                               (abs)        000000
__Lspace_1                               (abs)        000000
__Lspace_2                               (abs)        000000
__Lstack                                 stack        00055C
__Lstruct                                struct       000000
__Ltemp                                  temp         00006C
__Ltext                                  text         000000
__Ltext0                                 text0        000000
__Ltext1                                 text1        000000
__Ltext10                                text10       000000
__Ltext100                               text100      000000
__Ltext101                               text101      000000
__Ltext102                               text102      000000
__Ltext103                               text103      000000
__Ltext104                               text104      000000
__Ltext105                               text105      000000
__Ltext106                               text106      000000
__Ltext107                               text107      000000
__Ltext108                               text108      000000
__Ltext109                               text109      000000
__Ltext11                                text11       000000
__Ltext110                               text110      000000
__Ltext111                               text111      000000
__Ltext112                               text112      000000
__Ltext113                               text113      000000
__Ltext114                               text114      000000
__Ltext115                               text115      000000
__Ltext116                               text116      000000
__Ltext117                               text117      000000
__Ltext118                               text118      000000
__Ltext119                               text119      000000
__Ltext12                                text12       000000
__Ltext120                               text120      000000
__Ltext121                               text121      000000
__Ltext122                               text122      000000
__Ltext123                               text123      000000
__Ltext124                               text124      000000
__Ltext125                               text125      000000
__Ltext126                               text126      000000
__Ltext127                               text127      000000
__Ltext128                               text128      000000
__Ltext129                               text129      000000
__Ltext13                                text13       000000
__Ltext130                               text130      000000
__Ltext131                               text131      000000
__Ltext132                               text132      000000
__Ltext133                               text133      000000
__Ltext134                               text134      000000
__Ltext135                               text135      000000
__Ltext136                               text136      000000
__Ltext137                               text137      000000
__Ltext138                               text138      000000
__Ltext139                               text139      000000
__Ltext14                                text14       000000
__Ltext140                               text140      000000
__Ltext141                               text141      000000
__Ltext142                               text142      000000
__Ltext143                               text143      000000
__Ltext144                               text144      000000
__Ltext145                               text145      000000
__Ltext146                               text146      000000
__Ltext147                               text147      000000
__Ltext148                               text148      000000
__Ltext149                               text149      000000
__Ltext15                                text15       000000
__Ltext150                               text150      000000
__Ltext151                               text151      000000
__Ltext152                               text152      000000
__Ltext153                               text153      000000
__Ltext154                               text154      000000
__Ltext155                               text155      000000
__Ltext156                               text156      000000
__Ltext16                                text16       000000
__Ltext17                                text17       000000
__Ltext18                                text18       000000
__Ltext19                                text19       000000
__Ltext2                                 text2        000000
__Ltext20                                text20       000000
__Ltext21                                text21       000000
__Ltext22                                text22       000000
__Ltext23                                text23       000000
__Ltext24                                text24       000000
__Ltext25                                text25       000000
__Ltext26                                text26       000000
__Ltext27                                text27       000000
__Ltext28                                text28       000000
__Ltext29                                text29       000000
__Ltext3                                 text3        000000
__Ltext30                                text30       000000
__Ltext31                                text31       000000
__Ltext32                                text32       000000
__Ltext33                                text33       000000
__Ltext34                                text34       000000
__Ltext35                                text35       000000
__Ltext36                                text36       000000
__Ltext37                                text37       000000
__Ltext38                                text38       000000
__Ltext39                                text39       000000
__Ltext4                                 text4        000000
__Ltext40                                text40       000000
__Ltext41                                text41       000000
__Ltext42                                text42       000000
__Ltext43                                text43       000000
__Ltext44                                text44       000000
__Ltext45                                text45       000000
__Ltext46                                text46       000000
__Ltext47                                text47       000000
__Ltext48                                text48       000000
__Ltext49                                text49       000000
__Ltext5                                 text5        000000
__Ltext50                                text50       000000
__Ltext51                                text51       000000
__Ltext52                                text52       000000
__Ltext53                                text53       000000
__Ltext54                                text54       000000
__Ltext55                                text55       000000
__Ltext56                                text56       000000
__Ltext57                                text57       000000
__Ltext58                                text58       000000
__Ltext59                                text59       000000
__Ltext6                                 text6        000000
__Ltext60                                text60       000000
__Ltext61                                text61       000000
__Ltext62                                text62       000000
__Ltext63                                text63       000000
__Ltext64                                text64       000000
__Ltext65                                text65       000000
__Ltext66                                text66       000000
__Ltext67                                text67       000000
__Ltext68                                text68       000000
__Ltext69                                text69       000000
__Ltext7                                 text7        000000
__Ltext70                                text70       000000
__Ltext71                                text71       000000
__Ltext72                                text72       000000
__Ltext73                                text73       000000
__Ltext74                                text74       000000
__Ltext75                                text75       000000
__Ltext76                                text76       000000
__Ltext77                                text77       000000
__Ltext78                                text78       000000
__Ltext79                                text79       000000
__Ltext8                                 text8        000000
__Ltext80                                text80       000000
__Ltext81                                text81       000000
__Ltext82                                text82       000000
__Ltext83                                text83       000000
__Ltext84                                text84       000000
__Ltext85                                text85       000000
__Ltext86                                text86       000000
__Ltext87                                text87       000000
__Ltext88                                text88       000000
__Ltext89                                text89       000000
__Ltext9                                 text9        000000
__Ltext90                                text90       000000
__Ltext91                                text91       000000
__Ltext92                                text92       000000
__Ltext93                                text93       000000
__Ltext94                                text94       000000
__Ltext95                                text95       000000
__Ltext96                                text96       000000
__Ltext97                                text97       000000
__Ltext98                                text98       000000
__Ltext99                                text99       000000
__S0                                     (abs)        30000E
__S1                                     (abs)        00055C
__S2                                     (abs)        000F80
___awdiv                                 text83       009A28
___inthi_sp                              stack        0008BE
___intlo_sp                              stack        000C1F
___lbmod                                 text50       00B6FC
___lldiv                                 text41       00A0DC
___llmod                                 text40       00A934
___lwdiv                                 text119      00A5AC
___lwmod                                 text108      00AEAA
___param_bank                            (abs)        000010
___rparam_used                           (abs)        000001
___sp                                    stack        00055C
___wmul                                  text107      00B53E
__accesstop                              (abs)        000080
__activetblptr                           (abs)        000003
__doprnt                                 text33       002128
__end_of_RF24EC__allocateData            text99       009C8A
__end_of_RF24EC__available               text111      00B8A4
__end_of_RF24EC__write                   text48       006F18
__end_of_RF24EC_available                text87       00CB10
__end_of_RF24EC_findMulti                text82       0059F8
__end_of_RF24EC_findUntil                text79       00C10A
__end_of_RF24EC_findUntil_f              text81       0094E4
__end_of_RF24EC_flush                    text78       00BDF4
__end_of_RF24EC_init                     text75       00CAB4
__end_of_RF24EC_init_d                   text74       00C9C8
__end_of_RF24EC_read                     text85       00C77E
__end_of_RF24EC_read_b                   text86       006336
__end_of_RF24EC_stop                     text77       009DAA
__end_of_RF24EC_timedRead                text84       00BA38
__end_of_RF24EC_valid                    text76       00BAB8
__end_of_RF24EC_write                    text47       00C8BC
__end_of_RF24EC_write_s                  text36       00C600
__end_of_RF24ES_available                text73       00A0DC
__end_of_RF24ES_begin                    text25       00CADA
__end_of_RF24ES_init                     text24       00CA06
__end_of_RF24E_begin_i                   text16       00B40C
__end_of_RF24E_begin_id                  text17       00B174
__end_of_RF24E_begin_idg                 text18       00BB32
__end_of_RF24E_begin_idgs                text19       00C6DE
__end_of_RF24E_configure                 text20       005EA6
__end_of_RF24E_init                      text15       00CBD0
__end_of_RF24E_network_send              text104      00C36E
__end_of_RF24E_set_gateway               text14       0097B4
__end_of_RF24E_tick                      text88       00A934
__end_of_RF24M_begin                     text6        00B9B6
__end_of_RF24M_checkConnection           text62       00ADEC
__end_of_RF24M_getAddress                text70       008796
__end_of_RF24M_getNodeID                 text71       00898E
__end_of_RF24M_init                      text5        00CBCC
__end_of_RF24M_loadDHCP                  text13       00CBCE
__end_of_RF24M_renewAddress              text49       00965A
__end_of_RF24M_requestAddress            text53       00767C
__end_of_RF24M_setAddress                text66       00A4C0
[...]
		_RF24_txStandBy_t
		_millis
 This function is called by:
		_RF24N_update
		_RF24N__write
 This function uses a recursive model


 *************** function _RF24_txStandBy_t *****************
 Defined at:
		line 1018 in file "../../../RF24_c/RF24_c.c"
 Parameters:    Size  Location     Type
  timeout         4  [STACK] unsigned long 
  startTx         1  [STACK] unsigned char 
 Auto vars:     Size  Location     Type
  start           4  [STACK] unsigned long 
 Return value:  Size  Location     Type
                  1  [STACK] unsigned char 
 Registers used:
		wreg, fsr1l, fsr1h, status,2, status,0, btemp, btemp+1, btemp+2, btemp+3, btemp+4, btemp+10, btemp+11, tblptrl, tblptrh, tblptru
 Tracked objects:
		On entry : 
		On exit  : 
		Unchanged: 
 Data sizes:     COMRAM   BANK0   BANK1   BANK2   BANK3   BANK4   BANK5   BANK6   BANK7   BANK8   BANK9  BANK10  BANK11  BANK12  BANK13  BANK14  BANK15
      Params:         0       0       0       0       0       0       0       0       0       0       0       0       0       0       0       0       0
      Locals:         0       0       0       0       0       0       0       0       0       0       0       0       0       0       0       0       0
      Temps:          0       0       0       0       0       0       0       0       0       0       0       0       0       0       0       0       0
      Totals:         0       0       0       0       0       0       0       0       0       0       0       0       0       0       0       0       0
Total ram usage:        0 bytes
 Hardware stack levels used:    1
 Hardware stack levels required when called:    7
 This function calls:
		_RF24_ce_d
		_RF24_flush_tx
		_RF24_get_status
		_RF24_read_register_d
		_RF24_stopListening
		_RF24_write_register_d
		_millis
 This function is called by:
		_RF24N_write_
		_RF24N_write
		_RF24N_write_to_pipe
 This function uses a reentrant model


 *************** function _RF24_stopListening *****************
 Defined at:
		line 754 in file "../../../RF24_c/RF24_c.c"
 Parameters:    Size  Location     Type
		None
 Auto vars:     Size  Location     Type
		None
 Return value:  Size  Location     Type
                  1  [STACK] void 
 Registers used:
		wreg, fsr1l, fsr1h, status,2, status,0, btemp, btemp+1, btemp+2, btemp+10, btemp+11, tblptrl, tblptrh, tblptru
 Tracked objects:
		On entry : 
		On exit  : 
		Unchanged: 
 Data sizes:     COMRAM   BANK0   BANK1   BANK2   BANK3   BANK4   BANK5   BANK6   BANK7   BANK8   BANK9  BANK10  BANK11  BANK12  BANK13  BANK14  BANK15
      Params:         0       0       0       0       0       0       0       0       0       0       0       0       0       0       0       0       0
      Locals:         0       0       0       0       0       0       0       0       0       0       0       0       0       0       0       0       0
      Temps:          0       0       0       0       0       0       0       0       0       0       0       0       0       0       0       0       0
      Totals:         0       0       0       0       0       0       0       0       0       0       0       0       0       0       0       0       0
Total ram usage:        0 bytes
 Hardware stack levels used:    1
 Hardware stack levels required when called:    6
 This function calls:
		_RF24_ce_d
		_RF24_flush_tx
		_RF24_read_register_d
		_RF24_write_register_d
		_delayMicroseconds
 This function is called by:
		_RF24M_checkConnection
		_RF24M_renewAddress
		_RF24M_requestAddress
		_RF24N_enqueue
		_RF24N_write_
		_RF24N_write_to_pipe
		_RF24_txStandBy_t
 This function uses a reentrant model


 *************** function _RF24_startListening *****************
 Defined at:
		line 723 in file "../../../RF24_c/RF24_c.c"
 Parameters:    Size  Location     Type
		None
 Auto vars:     Size  Location     Type
		None
 Return value:  Size  Location     Type
                  1  [STACK] void 
 Registers used:
		wreg, fsr1l, fsr1h, fsr2l, fsr2h, status,2, status,0, btemp, btemp+1, btemp+2, btemp+10, btemp+11, tblptrl, tblptrh, tblptru
 Tracked objects:
		On entry : 
		On exit  : 
		Unchanged: 
 Data sizes:     COMRAM   BANK0   BANK1   BANK2   BANK3   BANK4   BANK5   BANK6   BANK7   BANK8   BANK9  BANK10  BANK11  BANK12  BANK13  BANK14  BANK15
      Params:         0       0       0       0       0       0       0       0       0       0       0       0       0       0       0       0       0
      Locals:         0       0       0       0       0       0       0       0       0       0       0       0       0       0       0       0       0
      Temps:          0       0       0       0       0       0       0       0       0       0       0       0       0       0       0       0       0
      Totals:         0       0       0       0       0       0       0       0       0       0       0       0       0       0       0       0       0
Total ram usage:        0 bytes
 Hardware stack levels used:    1
 Hardware stack levels required when called:    6
 This function calls:
		_RF24_ce_d
		_RF24_closeReadingPipe
		_RF24_flush_tx
		_RF24_powerUp
		_RF24_read_register_d
		_RF24_write_register_c_d
		_RF24_write_register_d
 This function is called by:
		_RF24N_begin_d
		_RF24N_write_
		_RF24N_write
 This function uses a reentrant model


 *************** function _RF24_setAutoAck_p *****************
 Defined at:
		line 1387 in file "../../../RF24_c/RF24_c.c"
 Parameters:    Size  Location     Type
  pipe            1  [STACK] unsigned char 
  enable          1  [STACK] unsigned char 
 Auto vars:     Size  Location     Type
  en_aa           1  [STACK] unsigned char 
 Return value:  Size  Location     Type
                  1  [STACK] void 
 Registers used:
		wreg, fsr1l, fsr1h, fsr2l, fsr2h, status,2, status,0, btemp, btemp+1, btemp+2, btemp+10, btemp+11
 Tracked objects:
		On entry : 
		On exit  : 
		Unchanged: 
 Data sizes:     COMRAM   BANK0   BANK1   BANK2   BANK3   BANK4   BANK5   BANK6   BANK7   BANK8   BANK9  BANK10  BANK11  BANK12  BANK13  BANK14  BANK15
      Params:         0       0       0       0       0       0       0       0       0       0       0       0       0       0       0       0       0
      Locals:         0       0       0       0       0       0       0       0       0       0       0       0       0       0       0       0       0
      Temps:          0       0       0       0       0       0       0       0       0       0       0       0       0       0       0       0       0
      Totals:         0       0       0       0       0       0       0       0       0       0       0       0       0       0       0       0       0
Total ram usage:        0 bytes
 Hardware stack levels used:    1
 Hardware stack levels required when called:    5
 This function calls:
		_RF24_read_register_d
		_RF24_write_register_d
 This function is called by:
		_RF24N_begin_d
		_RF24N_write_
		_RF24N_write
		_RF24N_write_to_pipe
 This function uses a reentrant model


 *************** function _isr *****************
 Defined at:
		line 14 in file "pic_main.c"
 Parameters:    Size  Location     Type
		None
 Auto vars:     Size  Location     Type
		None
 Return value:  Size  Location     Type
                  1    wreg      void 
 Registers used:
		wreg, status,2, status,0
 Tracked objects:
		On entry : 
		On exit  : 
		Unchanged: 
 Data sizes:     COMRAM   BANK0   BANK1   BANK2   BANK3   BANK4   BANK5   BANK6   BANK7   BANK8   BANK9  BANK10  BANK11  BANK12  BANK13  BANK14  BANK15
      Params:         0       0       0       0       0       0       0       0       0       0       0       0       0       0       0       0       0
      Locals:         0       0       0       0       0       0       0       0       0       0       0       0       0       0       0       0       0
      Temps:          2       0       0       0       0       0       0       0       0       0       0       0       0       0       0       0       0
      Totals:         2       0       0       0       0       0       0       0       0       0       0       0       0       0       0       0       0
Total ram usage:        2 bytes
 Hardware stack levels used:    1
 This function calls:
		Nothing
 This function is called by:
		Interrupt level 2
 This function uses a non-reentrant model



MODULE INFORMATION

Module		Function		Class		Link	Load	Size
../../../RF24_c/utility/XC8/spi.c
		_millis        		CODE           	CB10	0000	19
		_delay         		CODE           	B018	0000	177
		_delayMicroseconds		CODE           	B5D4	0000	151
		_SPI_begin     		CODE           	CA06	0000	27
		_digitalWrite  		CODE           	7C28	0000	713
		_pinMode       		CODE           	7960	0000	713
		_SPI_transfer  		CODE           	CAB4	0000	21

../../../RF24_c/utility/XC8/spi.c estimated size: 1821

serial.c
		_itoa_         		CODE           	C638	0000	57
		_Serial_tx     		CODE           	CB22	0000	15
		_Serial_begin  		CODE           	AC6C	0000	193
		_Serial_print  		CODE           	AADA	0000	203
		_Serial_println		CODE           	C868	0000	43

serial.c estimated size: 511

../../RF24Ethernet_c.c
		_RF24E_set_gateway		CODE           	965A	0000	347
		_RF24E_begin_i 		CODE           	B36A	0000	163
		_RF24E_begin_idgs		CODE           	C6A8	0000	55
		_RF24E_configure		CODE           	59F8	0000	1199
		_RF24E_begin_id		CODE           	B0C8	0000	173
		_RF24E_tick    		CODE           	A85A	0000	219
		_RF24E_begin_idg		CODE           	BAB8	0000	123
		_RF24E_network_send		CODE           	C31C	0000	83
		_RF24E_init    		CODE           	CBCE	0000	3

../../RF24Ethernet_c.c estimated size: 2365

/opt/microchip/xc8/v1.38/sources/common/strlen.c
		_strlen        		CODE           	B8A4	0000	139

/opt/microchip/xc8/v1.38/sources/common/strlen.c estimated size: 139

/opt/microchip/xc8/v1.38/sources/common/lwmod.c
		___lwmod       		CODE           	AEAA	0000	189

/opt/microchip/xc8/v1.38/sources/common/lwmod.c estimated size: 189

/opt/microchip/xc8/v1.38/sources/common/strcmp.c
		_strcmp        		CODE           	B174	0000	171

/opt/microchip/xc8/v1.38/sources/common/strcmp.c estimated size: 171

/opt/microchip/xc8/v1.38/sources/common/putch.c
		_putch         		CODE           	CBC6	0000	5

/opt/microchip/xc8/v1.38/sources/common/putch.c estimated size: 5

/opt/microchip/xc8/v1.38/sources/common/llmod.c
		___llmod       		CODE           	A934	0000	215

/opt/microchip/xc8/v1.38/sources/common/llmod.c estimated size: 215

/opt/microchip/xc8/v1.38/sources/common/isdigit.c
		_isdigit       		CODE           	C600	0000	57

/opt/microchip/xc8/v1.38/sources/common/isdigit.c estimated size: 57

../../../RF24_c/RF24_c.c
		_RF24_setChannel		CODE           	C542	0000	69
		_RF24_txStandBy_t		CODE           	AA0A	0000	209
		_RF24_setRetries		CODE           	C8BC	0000	43
		_RF24_available_p		CODE           	C36E	0000	83
		_RF24_read     		CODE           	C90E	0000	41
		_RF24_openReadingPipe_d		CODE           	9066	0000	387
		_RF24_openWritingPipe_d		CODE           	B2C4	0000	167
		_RF24_write_payload		CODE           	A1DE	0000	249
		_RF24_spiTrans 		CODE           	C95C	0000	39
		_RF24_init     		CODE           	C7B0	0000	49
		_RF24_available		CODE           	CB30	0000	15
		_RF24_endTransaction		CODE           	CB86	0000	11
		_RF24_closeReadingPipe		CODE           	C3C0	0000	81
		_RF24_beginTransaction		CODE           	CB90	0000	11
		_RF24_read_payload		CODE           	A77E	0000	221
		_RF24_stopListening		CODE           	BC26	0000	121
		_RF24_getDynamicPayloadSize		CODE           	C4AC	0000	77
		_RF24_enableDynamicPayloads		CODE           	C77E	0000	51
		_RF24_powerUp  		CODE           	C6DE	0000	55
		_RF24_toggle_features_d		CODE           	CA20	0000	27
		_RF24_read_register_d		CODE           	C7E0	0000	49
		_RF24_setDataRate		CODE           	B40C	0000	157
		_RF24_csn_d    		CODE           	CA3A	0000	27
		_RF24_begin    		CODE           	A4C0	0000	237
		_RF24_write_register_d		CODE           	C714	0000	55
		_RF24_setAutoAck_p		CODE           	B66A	0000	147
		_RF24_isValid  		CODE           	C9C8	0000	35
		_RF24_rxFifoFull		CODE           	CB4C	0000	15
		_RF24_startListening		CODE           	BF30	0000	101
		_RF24_startFastWrite		CODE           	C272	0000	89
		_RF24_writeFast_m		CODE           	C45E	0000	79
		_RF24_get_status		CODE           	CB9A	0000	11
		_RF24_write_register_c_d		CODE           	C10A	0000	93
		_RF24_flush_rx 		CODE           	CB7C	0000	11
		_RF24_flush_tx 		CODE           	CBA4	0000	11
		_RF24_ce_d     		CODE           	CA54	0000	27

../../../RF24_c/RF24_c.c estimated size: 3150

../../../RF24Mesh_c/RF24Mesh_c.c
		_RF24M_getAddress		CODE           	859E	0000	505
		_RF24M_renewAddress		CODE           	94E4	0000	375
		_RF24M_init    		CODE           	CBCA	0000	3
		_RF24M_getNodeID		CODE           	8796	0000	505
		_RF24M_setAddress		CODE           	A3CC	0000	245
		_RF24M_begin   		CODE           	B92E	0000	137
		_RF24M_loadDHCP		CODE           	CBCC	0000	3
		_RF24M_setNodeID		CODE           	CB68	0000	11
		_RF24M_update  		CODE           	7EF0	0000	593
		_RF24M_requestAddress		CODE           	72DA	0000	931
		_RF24M_checkConnection		CODE           	AD2C	0000	193

../../../RF24Mesh_c/RF24Mesh_c.c estimated size: 3501

/opt/microchip/xc8/v1.38/sources/common/sprintf.c
		_sprintf       		CODE           	B21E	0000	167

/opt/microchip/xc8/v1.38/sources/common/sprintf.c estimated size: 167

InteractiveServer_Mesh.c
		_loop          		CODE           	8140	0000	567
		_generate_tcp_stats		CODE           	6F18	0000	963
		_setup         		CODE           	A2D6	0000	247

InteractiveServer_Mesh.c estimated size: 1777

/opt/microchip/xc8/v1.38/sources/common/lwdiv.c
		___lwdiv       		CODE           	A5AC	0000	235

/opt/microchip/xc8/v1.38/sources/common/lwdiv.c estimated size: 235

/opt/microchip/xc8/v1.38/sources/common/awdiv.c
		___awdiv       		CODE           	9A28	0000	307

/opt/microchip/xc8/v1.38/sources/common/awdiv.c estimated size: 307

umalloc.c
		_malloc        		CODE           	BD12	0000	115
		_free          		CODE           	CADA	0000	19
		_realloc       		CODE           	C936	0000	39

umalloc.c estimated size: 173

../../RF24Client_c.c
		_RF24EC_read   		CODE           	C74A	0000	53
		_RF24EC_init   		CODE           	CA9E	0000	23
		_RF24EC_stop   		CODE           	9C8A	0000	289
		_RF24EC_timedRead		CODE           	B9B6	0000	131
		_RF24EC_valid  		CODE           	BA38	0000	129
		_RF24EC_write  		CODE           	C892	0000	43
		_RF24EC_flush  		CODE           	BD84	0000	113
		_RF24EC_available		CODE           	CAFE	0000	19
		_RF24EC_read_b 		CODE           	5EA6	0000	1169
		_RF24EC_init_d 		CODE           	C9A6	0000	35
		_RF24EC__write 		CODE           	6B42	0000	983
		_RF24EC_findUntil		CODE           	C0AE	0000	93
		_RF24EC_findMulti		CODE           	5544	0000	1205
		_RF24EC__available		CODE           	B818	0000	141
		_RF24EC__allocateData		CODE           	9B5A	0000	305
		_serialip_appcall		CODE           	39B0	0000	3947
		_RF24EC_write_s		CODE           	C5C6	0000	59
		_RF24EC_findUntil_f		CODE           	9368	0000	381

../../RF24Client_c.c estimated size: 9118

/opt/microchip/xc8/v1.38/sources/common/lbmod.c
		___lbmod       		CODE           	B6FC	0000	143

/opt/microchip/xc8/v1.38/sources/common/lbmod.c estimated size: 143

/opt/microchip/xc8/v1.38/sources/common/doprnt.c
		__doprnt       		CODE           	2128	0000	6281

/opt/microchip/xc8/v1.38/sources/common/doprnt.c estimated size: 6281

/opt/microchip/xc8/v1.38/sources/common/lldiv.c
		___lldiv       		CODE           	A0DC	0000	259

/opt/microchip/xc8/v1.38/sources/common/lldiv.c estimated size: 259

../../utility/timer.c
		_timer_set     		CODE           	BF94	0000	97
		_timer_reset   		CODE           	C4F8	0000	75
		_timer_expired 		CODE           	BC9E	0000	117

../../utility/timer.c estimated size: 289

HTML.h
		_stats_page    		CODE           	6336	0000	1037
		_credits_page  		CODE           	BFF4	0000	95
		_sendPage      		CODE           	AF66	0000	179
		_main_page     		CODE           	8D38	0000	411

HTML.h estimated size: 1722

/opt/microchip/xc8/v1.38/sources/common/memcpy.c
		_memcpy        		CODE           	A696	0000	233

/opt/microchip/xc8/v1.38/sources/common/memcpy.c estimated size: 233

../../clock-arch.c
		_clock_time    		CODE           	CBBC	0000	7

../../clock-arch.c estimated size: 7

/opt/microchip/xc8/v1.38/sources/common/ltoa.c
		_ultoa         		CODE           	8376	0000	553

/opt/microchip/xc8/v1.38/sources/common/ltoa.c estimated size: 553

pic_main.c
		_main          		CODE           	C8E6	0000	41
		_isr           		CODE           	0008	0000	57

pic_main.c estimated size: 98

shared
		_child_pipe    		MEDIUMCONST    	F69D	0000	7
		_html_page     		MEDIUMCONST    	0000	0000	0
		_dpowers       		MEDIUMCONST    	F64F	0000	41
		_main_html_p1  		MEDIUMCONST    	FA78	0000	301
		_main_html_p2  		MEDIUMCONST    	FC74	0000	171
		_child_pipe_enable		MEDIUMCONST    	F6A3	0000	7
		__initialization		CODE           	B4A8	0000	145
		_octpowers     		MEDIUMCONST    	F61F	0000	49
		_hexpowers     		MEDIUMCONST    	F677	0000	33
		_credits_html  		MEDIUMCONST    	F6B5	0000	964
		_child_payload_size		MEDIUMCONST    	F697	0000	7
		_all_ones_addr 		MEDIUMCONST    	0000	0000	0
		_broadcast_ipaddr		MEDIUMCONST    	0000	0000	0
		_begin_html    		MEDIUMCONST    	FBA4	0000	209
		_all_zeroes_addr		MEDIUMCONST    	F6AD	0000	5
		_broadcast_ethaddr		MEDIUMCONST    	FD1E	0000	7

shared estimated size: 1946

/opt/microchip/xc8/v1.38/sources/common/Umul16.c
		___wmul        		CODE           	B53E	0000	151

/opt/microchip/xc8/v1.38/sources/common/Umul16.c estimated size: 151

../../utility/uip.c
		_uip_add_rcv_nxt		CODE           	BE64	0000	105
		_uip_ipchksum  		CODE           	C166	0000	91
		_uip_listen    		CODE           	C2CA	0000	83
		_uip_process   		CODE           	001C	0000	8461
		_uip_add32     		CODE           	ADEC	0000	191
		_chksum        		CODE           	898E	0000	491
		_upper_layer_chksum		CODE           	9DAA	0000	283
		_htons         		CODE           	C810	0000	45
		_uip_init      		CODE           	C410	0000	79
		_uip_send      		CODE           	C1C0	0000	91
		_uip_tcpchksum 		CODE           	CB72	0000	11

../../utility/uip.c estimated size: 9931

/opt/microchip/xc8/v1.38/sources/common/strncpy.c
		_strncpy       		CODE           	9EC4	0000	273

/opt/microchip/xc8/v1.38/sources/common/strncpy.c estimated size: 273

../../../RF24Network_c/RF24Network_c.c
		_RF24N_pipe_address		CODE           	8B78	0000	449
		_RF24N_write_to_pipe		CODE           	ABA4	0000	201
		_RF24N_write   		CODE           	767C	0000	741
		_RF24N_getNetworkFlags		CODE           	CBB6	0000	7
		_RF24N_write_  		CODE           	6742	0000	1025
		_RF24N_logicalToPhysicalAddress		CODE           	8ED2	0000	405
		_RF24N_write_m 		CODE           	C670	0000	57
		_RF24N_getFrame_buffer		CODE           	CAEC	0000	19
		_RF24N_setNetworkFlags		CODE           	CB3E	0000	15
		_RF24N_init    		CODE           	C052	0000	93
		_RF24N_getFrag_ptr		CODE           	CB5A	0000	15
		_RF24N_available		CODE           	C982	0000	37
		_RF24N_direct_child_route_to		CODE           	C21A	0000	89
		_RF24N_setReturnSysMsgs		CODE           	CBAE	0000	9
		_RF24N__write  		CODE           	98F0	0000	313
		_RF24N_is_valid_address		CODE           	BDF4	0000	113
		_RF24N_begin   		CODE           	CA6E	0000	25
		_RF24NH_init   		CODE           	BBAC	0000	123
		_RF24N_begin_d 		CODE           	97B4	0000	317
		_RF24N_update  		CODE           	4FF8	0000	1357
		_RF24N_levelToAddress		CODE           	BECC	0000	101
		_RF24N_multicast		CODE           	BB32	0000	123
		_RF24N_enqueue 		CODE           	491A	0000	1759
		_RF24N_is_direct_child		CODE           	B78A	0000	143
		_RF24N_is_descendant		CODE           	C586	0000	65
		_RF24N_setup_address		CODE           	91E8	0000	385

../../../RF24Network_c/RF24Network_c.c estimated size: 7986

../../RF24Server_c.c
		_RF24ES_init   		CODE           	C9EA	0000	29
		_RF24ES_begin  		CODE           	CAC8	0000	19
		_RF24ES_available		CODE           	9FD4	0000	265

../../RF24Server_c.c estimated size: 313

